ARM Linker, 5.03 [Build 76] [MDK-ARM Standard]

==============================================================================

Section Cross References

    startup_stm32f10x_hd.o(RESET) refers to startup_stm32f10x_hd.o(STACK) for __initial_sp
    startup_stm32f10x_hd.o(RESET) refers to startup_stm32f10x_hd.o(.text) for Reset_Handler
    startup_stm32f10x_hd.o(RESET) refers to stm32f10x_it.o(.text) for NMI_Handler
    startup_stm32f10x_hd.o(.text) refers to system_stm32f10x.o(.text) for SystemInit
    startup_stm32f10x_hd.o(.text) refers to entry.o(.ARM.Collect$$$$00000000) for __main
    system_stm32f10x.o(.text) refers to system_stm32f10x.o(.data) for SystemCoreClock
    stm32f10x_bkp.o(.text) refers to stm32f10x_rcc.o(.text) for RCC_BackupResetCmd
    stm32f10x_gpio.o(.text) refers to stm32f10x_rcc.o(.text) for RCC_APB2PeriphResetCmd
    stm32f10x_rcc.o(.text) refers to stm32f10x_rcc.o(.data) for APBAHBPrescTable
    stm32f10x_spi.o(.text) refers to stm32f10x_rcc.o(.text) for RCC_APB2PeriphResetCmd
    stm32f10x_tim.o(.text) refers to stm32f10x_rcc.o(.text) for RCC_APB2PeriphResetCmd
    stm32f10x_usart.o(.text) refers to stm32f10x_rcc.o(.text) for RCC_APB2PeriphResetCmd
    main.o(.text) refers to utility.o(.text) for systick_init
    main.o(.text) refers to bsp_usart1.o(.text) for USART1_Config
    main.o(.text) refers to bsp_led.o(.text) for LED_GPIO_Config
    main.o(.text) refers to printfa.o(i.__0printf) for __2printf
    main.o(.text) refers to list.o(.text) for NodeCreat
    main.o(.text) refers to dispose.o(.text) for text
    main.o(.text) refers to list.o(.data) for Head
    stm32f10x_it.o(.text) refers to stm32f10x_usart.o(.text) for USART_GetITStatus
    stm32f10x_it.o(.text) refers to bsp_usart1.o(.bss) for Rx1_buf
    stm32f10x_it.o(.text) refers to bsp_usart1.o(.data) for Rx1_cnt
    bsp_usart1.o(.text) refers to stm32f10x_rcc.o(.text) for RCC_APB2PeriphClockCmd
    bsp_usart1.o(.text) refers to stm32f10x_gpio.o(.text) for GPIO_Init
    bsp_usart1.o(.text) refers to stm32f10x_usart.o(.text) for USART_Init
    bsp_usart1.o(.text) refers to misc.o(.text) for NVIC_PriorityGroupConfig
    bsp_usart1.o(.text) refers to utility.o(.text) for delay_ms
    bsp_usart1.o(.text) refers to memcpya.o(.text) for __aeabi_memcpy
    bsp_usart1.o(.text) refers to memseta.o(.text) for __aeabi_memclr
    bsp_usart1.o(.text) refers to printfa.o(i.__0printf) for __2printf
    bsp_usart1.o(.text) refers to dispose.o(.text) for Josn_Parse_Switch
    bsp_usart1.o(.text) refers to bsp_usart1.o(.data) for Rx1_cnt
    bsp_usart1.o(.text) refers to bsp_usart1.o(.bss) for Rx1_buf
    bsp_led.o(.text) refers to stm32f10x_rcc.o(.text) for RCC_APB2PeriphClockCmd
    bsp_led.o(.text) refers to stm32f10x_gpio.o(.text) for GPIO_Init
    list.o(.text) refers to malloc.o(i.malloc) for malloc
    list.o(.text) refers to printfa.o(i.__0printf) for __2printf
    list.o(.text) refers to memseta.o(.text) for __aeabi_memclr4
    list.o(.text) refers to strcpy.o(.text) for strcpy
    list.o(.text) refers to strcmp.o(.text) for strcmp
    list.o(.text) refers to malloc.o(i.free) for free
    list.o(.text) refers to list.o(.data) for Head
    utility.o(.text) refers to utility.o(.data) for fac_us
    dispose.o(.text) refers to memseta.o(.text) for __aeabi_memclr4
    dispose.o(.text) refers to cjson.o(.text) for cJSON_Parse
    dispose.o(.text) refers to printfa.o(i.__0printf) for __2printf
    dispose.o(.text) refers to printfa.o(i.__0sprintf) for __2sprintf
    dispose.o(.text) refers to strcmp.o(.text) for strcmp
    dispose.o(.text) refers to malloc.o(i.malloc) for malloc
    dispose.o(.text) refers to strcat.o(.text) for strcat
    dispose.o(.text) refers to malloc.o(i.free) for free
    cjson.o(.text) refers to tolower.o(.text) for tolower
    cjson.o(.text) refers to strlen.o(.text) for strlen
    cjson.o(.text) refers to memcpya.o(.text) for __aeabi_memcpy
    cjson.o(.text) refers to memseta.o(.text) for __aeabi_memclr4
    cjson.o(.text) refers to dflti.o(.text) for __aeabi_i2d
    cjson.o(.text) refers to dmul.o(.text) for __aeabi_dmul
    cjson.o(.text) refers to dadd.o(.text) for __aeabi_dadd
    cjson.o(.text) refers to pow.o(i.pow) for pow
    cjson.o(.text) refers to dfixi.o(.text) for __aeabi_d2iz
    cjson.o(.text) refers to cdcmple.o(.text) for __aeabi_cdcmple
    cjson.o(.text) refers to cdrcmple.o(.text) for __aeabi_cdrcmple
    cjson.o(.text) refers to printfa.o(i.__0sprintf) for __2sprintf
    cjson.o(.text) refers to floor.o(i.floor) for floor
    cjson.o(.text) refers to cjson.o(.data) for ep
    cjson.o(.text) refers to malloc.o(i.malloc) for malloc
    cjson.o(.text) refers to malloc.o(i.free) for free
    cjson.o(.text) refers to strchr.o(.text) for strchr
    cjson.o(.text) refers to cjson.o(.constdata) for firstByteMark
    cjson.o(.text) refers to strncmp.o(.text) for strncmp
    cjson.o(.text) refers to strcpy.o(.text) for strcpy
    cjson.o(.text) refers to malloc.o(.text) for mymemcpy
[...]
    printf2.o(i.__0sprintf$2) refers to printf2.o(i._printf_core) for _printf_core
    printf2.o(i.__0sprintf$2) refers to printf2.o(i._sputc) for _sputc
    printf2.o(i.__0vfprintf$2) refers to printf2.o(i._printf_core) for _printf_core
    printf2.o(i.__0vfprintf$2) refers to bsp_usart1.o(.text) for fputc
    printf2.o(i.__0vprintf$2) refers to printf2.o(i._printf_core) for _printf_core
    printf2.o(i.__0vprintf$2) refers to bsp_usart1.o(.text) for fputc
    printf2.o(i.__0vprintf$2) refers to stdout.o(.data) for __stdout
    printf2.o(i.__0vsnprintf$2) refers to printf2.o(i._printf_core) for _printf_core
    printf2.o(i.__0vsnprintf$2) refers to printf2.o(i._snputc) for _snputc
    printf2.o(i.__0vsprintf$2) refers to printf2.o(i._printf_core) for _printf_core
    printf2.o(i.__0vsprintf$2) refers to printf2.o(i._sputc) for _sputc
    printf3.o(i.__0fprintf$3) refers to printf3.o(i._printf_core) for _printf_core
    printf3.o(i.__0fprintf$3) refers to bsp_usart1.o(.text) for fputc
    printf3.o(i.__0printf$3) refers to printf3.o(i._printf_core) for _printf_core
    printf3.o(i.__0printf$3) refers to bsp_usart1.o(.text) for fputc
    printf3.o(i.__0printf$3) refers to stdout.o(.data) for __stdout
    printf3.o(i.__0snprintf$3) refers to printf3.o(i._printf_core) for _printf_core
    printf3.o(i.__0snprintf$3) refers to printf3.o(i._snputc) for _snputc
    printf3.o(i.__0sprintf$3) refers to printf3.o(i._printf_core) for _printf_core
    printf3.o(i.__0sprintf$3) refers to printf3.o(i._sputc) for _sputc
    printf3.o(i.__0vfprintf$3) refers to printf3.o(i._printf_core) for _printf_core
    printf3.o(i.__0vfprintf$3) refers to bsp_usart1.o(.text) for fputc
    printf3.o(i.__0vprintf$3) refers to printf3.o(i._printf_core) for _printf_core
    printf3.o(i.__0vprintf$3) refers to bsp_usart1.o(.text) for fputc
    printf3.o(i.__0vprintf$3) refers to stdout.o(.data) for __stdout
    printf3.o(i.__0vsnprintf$3) refers to printf3.o(i._printf_core) for _printf_core
    printf3.o(i.__0vsnprintf$3) refers to printf3.o(i._snputc) for _snputc
    printf3.o(i.__0vsprintf$3) refers to printf3.o(i._printf_core) for _printf_core
    printf3.o(i.__0vsprintf$3) refers to printf3.o(i._sputc) for _sputc
    printf3.o(i._printf_core) refers to uidiv.o(.text) for __aeabi_uidivmod
    printf4.o(i.__0fprintf$4) refers to printf4.o(i._printf_core) for _printf_core
    printf4.o(i.__0fprintf$4) refers to bsp_usart1.o(.text) for fputc
    printf4.o(i.__0printf$4) refers to printf4.o(i._printf_core) for _printf_core
    printf4.o(i.__0printf$4) refers to bsp_usart1.o(.text) for fputc
    printf4.o(i.__0printf$4) refers to stdout.o(.data) for __stdout
    printf4.o(i.__0snprintf$4) refers to printf4.o(i._printf_core) for _printf_core
    printf4.o(i.__0snprintf$4) refers to printf4.o(i._snputc) for _snputc
    printf4.o(i.__0sprintf$4) refers to printf4.o(i._printf_core) for _printf_core
    printf4.o(i.__0sprintf$4) refers to printf4.o(i._sputc) for _sputc
    printf4.o(i.__0vfprintf$4) refers to printf4.o(i._printf_core) for _printf_core
    printf4.o(i.__0vfprintf$4) refers to bsp_usart1.o(.text) for fputc
    printf4.o(i.__0vprintf$4) refers to printf4.o(i._printf_core) for _printf_core
    printf4.o(i.__0vprintf$4) refers to bsp_usart1.o(.text) for fputc
    printf4.o(i.__0vprintf$4) refers to stdout.o(.data) for __stdout
    printf4.o(i.__0vsnprintf$4) refers to printf4.o(i._printf_core) for _printf_core
    printf4.o(i.__0vsnprintf$4) refers to printf4.o(i._snputc) for _snputc
    printf4.o(i.__0vsprintf$4) refers to printf4.o(i._printf_core) for _printf_core
    printf4.o(i.__0vsprintf$4) refers to printf4.o(i._sputc) for _sputc
    printf4.o(i._printf_core) refers to uldiv.o(.text) for __aeabi_uldivmod
    printf5.o(i.__0fprintf$5) refers to printf5.o(i._printf_core) for _printf_core
    printf5.o(i.__0fprintf$5) refers to bsp_usart1.o(.text) for fputc
    printf5.o(i.__0printf$5) refers to printf5.o(i._printf_core) for _printf_core
    printf5.o(i.__0printf$5) refers to bsp_usart1.o(.text) for fputc
    printf5.o(i.__0printf$5) refers to stdout.o(.data) for __stdout
    printf5.o(i.__0snprintf$5) refers to printf5.o(i._printf_core) for _printf_core
    printf5.o(i.__0snprintf$5) refers to printf5.o(i._snputc) for _snputc
    printf5.o(i.__0sprintf$5) refers to printf5.o(i._printf_core) for _printf_core
    printf5.o(i.__0sprintf$5) refers to printf5.o(i._sputc) for _sputc
    printf5.o(i.__0vfprintf$5) refers to printf5.o(i._printf_core) for _printf_core
    printf5.o(i.__0vfprintf$5) refers to bsp_usart1.o(.text) for fputc
    printf5.o(i.__0vprintf$5) refers to printf5.o(i._printf_core) for _printf_core
    printf5.o(i.__0vprintf$5) refers to bsp_usart1.o(.text) for fputc
    printf5.o(i.__0vprintf$5) refers to stdout.o(.data) for __stdout
    printf5.o(i.__0vsnprintf$5) refers to printf5.o(i._printf_core) for _printf_core
    printf5.o(i.__0vsnprintf$5) refers to printf5.o(i._snputc) for _snputc
    printf5.o(i.__0vsprintf$5) refers to printf5.o(i._printf_core) for _printf_core
    printf5.o(i.__0vsprintf$5) refers to printf5.o(i._sputc) for _sputc
    printf5.o(i._printf_core) refers to uldiv.o(.text) for __aeabi_uldivmod
    printf6.o(i.__0fprintf$6) refers to printf6.o(i._printf_core) for _printf_core
    printf6.o(i.__0fprintf$6) refers to bsp_usart1.o(.text) for fputc
    printf6.o(i.__0printf$6) refers to printf6.o(i._printf_core) for _printf_core
    printf6.o(i.__0printf$6) refers to bsp_usart1.o(.text) for fputc
    printf6.o(i.__0printf$6) refers to stdout.o(.data) for __stdout
    printf6.o(i.__0snprintf$6) refers to printf6.o(i._printf_core) for _printf_core
    printf6.o(i.__0snprintf$6) refers to printf6.o(i._snputc) for _snputc
    printf6.o(i.__0sprintf$6) refers to printf6.o(i._printf_core) for _printf_core
    printf6.o(i.__0sprintf$6) refers to printf6.o(i._sputc) for _sputc
    printf6.o(i.__0vfprintf$6) refers to printf6.o(i._printf_core) for _printf_core
    printf6.o(i.__0vfprintf$6) refers to bsp_usart1.o(.text) for fputc
    printf6.o(i.__0vprintf$6) refers to printf6.o(i._printf_core) for _printf_core
    printf6.o(i.__0vprintf$6) refers to bsp_usart1.o(.text) for fputc
    printf6.o(i.__0vprintf$6) refers to stdout.o(.data) for __stdout
    printf6.o(i.__0vsnprintf$6) refers to printf6.o(i._printf_core) for _printf_core
    printf6.o(i.__0vsnprintf$6) refers to printf6.o(i._snputc) for _snputc
    printf6.o(i.__0vsprintf$6) refers to printf6.o(i._printf_core) for _printf_core
    printf6.o(i.__0vsprintf$6) refers to printf6.o(i._sputc) for _sputc
    printf6.o(i._printf_core) refers to printf6.o(i._printf_pre_padding) for _printf_pre_padding
    printf6.o(i._printf_core) refers to uidiv.o(.text) for __aeabi_uidivmod
    printf6.o(i._printf_core) refers to printf6.o(i._printf_post_padding) for _printf_post_padding
    printf7.o(i.__0fprintf$7) refers to printf7.o(i._printf_core) for _printf_core
    printf7.o(i.__0fprintf$7) refers to bsp_usart1.o(.text) for fputc
    printf7.o(i.__0printf$7) refers to printf7.o(i._printf_core) for _printf_core
    printf7.o(i.__0printf$7) refers to bsp_usart1.o(.text) for fputc
    printf7.o(i.__0printf$7) refers to stdout.o(.data) for __stdout
    printf7.o(i.__0snprintf$7) refers to printf7.o(i._printf_core) for _printf_core
    printf7.o(i.__0snprintf$7) refers to printf7.o(i._snputc) for _snputc
    printf7.o(i.__0sprintf$7) refers to printf7.o(i._printf_core) for _printf_core
    printf7.o(i.__0sprintf$7) refers to printf7.o(i._sputc) for _sputc
    printf7.o(i.__0vfprintf$7) refers to printf7.o(i._printf_core) for _printf_core
    printf7.o(i.__0vfprintf$7) refers to bsp_usart1.o(.text) for fputc
    printf7.o(i.__0vprintf$7) refers to printf7.o(i._printf_core) for _printf_core
    printf7.o(i.__0vprintf$7) refers to bsp_usart1.o(.text) for fputc
    printf7.o(i.__0vprintf$7) refers to stdout.o(.data) for __stdout
    printf7.o(i.__0vsnprintf$7) refers to printf7.o(i._printf_core) for _printf_core
    printf7.o(i.__0vsnprintf$7) refers to printf7.o(i._snputc) for _snputc
    printf7.o(i.__0vsprintf$7) refers to printf7.o(i._printf_core) for _printf_core
    printf7.o(i.__0vsprintf$7) refers to printf7.o(i._sputc) for _sputc
    printf7.o(i._printf_core) refers to printf7.o(i._printf_pre_padding) for _printf_pre_padding
    printf7.o(i._printf_core) refers to uldiv.o(.text) for __aeabi_uldivmod
    printf7.o(i._printf_core) refers to printf7.o(i._printf_post_padding) for _printf_post_padding
    printf8.o(i.__0fprintf$8) refers to printf8.o(i._printf_core) for _printf_core
    printf8.o(i.__0fprintf$8) refers to bsp_usart1.o(.text) for fputc
    printf8.o(i.__0printf$8) refers to printf8.o(i._printf_core) for _printf_core
    printf8.o(i.__0printf$8) refers to bsp_usart1.o(.text) for fputc
    printf8.o(i.__0printf$8) refers to stdout.o(.data) for __stdout
    printf8.o(i.__0snprintf$8) refers to printf8.o(i._printf_core) for _printf_core
    printf8.o(i.__0snprintf$8) refers to printf8.o(i._snputc) for _snputc
    printf8.o(i.__0sprintf$8) refers to printf8.o(i._printf_core) for _printf_core
    printf8.o(i.__0sprintf$8) refers to printf8.o(i._sputc) for _sputc
    printf8.o(i.__0vfprintf$8) refers to printf8.o(i._printf_core) for _printf_core
    printf8.o(i.__0vfprintf$8) refers to bsp_usart1.o(.text) for fputc
    printf8.o(i.__0vprintf$8) refers to printf8.o(i._printf_core) for _printf_core
    printf8.o(i.__0vprintf$8) refers to bsp_usart1.o(.text) for fputc
    printf8.o(i.__0vprintf$8) refers to stdout.o(.data) for __stdout
    printf8.o(i.__0vsnprintf$8) refers to printf8.o(i._printf_core) for _printf_core
    printf8.o(i.__0vsnprintf$8) refers to printf8.o(i._snputc) for _snputc
    printf8.o(i.__0vsprintf$8) refers to printf8.o(i._printf_core) for _printf_core
    printf8.o(i.__0vsprintf$8) refers to printf8.o(i._sputc) for _sputc
    printf8.o(i._printf_core) refers to printf8.o(i._printf_pre_padding) for _printf_pre_padding
    printf8.o(i._printf_core) refers to uldiv.o(.text) for __aeabi_uldivmod
    printf8.o(i._printf_core) refers to printf8.o(i._printf_post_padding) for _printf_post_padding
    printfa.o(i.__0fprintf) refers (Special) to iusefp.o(.text) for __I$use$fp
    printfa.o(i.__0fprintf) refers to printfa.o(i._printf_core) for _printf_core
    printfa.o(i.__0fprintf) refers to bsp_usart1.o(.text) for fputc
    printfa.o(i.__0printf) refers (Special) to iusefp.o(.text) for __I$use$fp
    printfa.o(i.__0printf) refers to printfa.o(i._printf_core) for _printf_core
    printfa.o(i.__0printf) refers to bsp_usart1.o(.text) for fputc
    printfa.o(i.__0printf) refers to stdout.o(.data) for __stdout
    printfa.o(i.__0snprintf) refers (Special) to iusefp.o(.text) for __I$use$fp
    printfa.o(i.__0snprintf) refers to printfa.o(i._printf_core) for _printf_core
    printfa.o(i.__0snprintf) refers to printfa.o(i._snputc) for _snputc
    printfa.o(i.__0sprintf) refers (Special) to iusefp.o(.text) for __I$use$fp
    printfa.o(i.__0sprintf) refers to printfa.o(i._printf_core) for _printf_core
    printfa.o(i.__0sprintf) refers to printfa.o(i._sputc) for _sputc
    printfa.o(i.__0vfprintf) refers (Special) to iusefp.o(.text) for __I$use$fp
    printfa.o(i.__0vfprintf) refers to printfa.o(i._printf_core) for _printf_core
    printfa.o(i.__0vfprintf) refers to bsp_usart1.o(.text) for fputc
    printfa.o(i.__0vprintf) refers (Special) to iusefp.o(.text) for __I$use$fp
    printfa.o(i.__0vprintf) refers to printfa.o(i._printf_core) for _printf_core
    printfa.o(i.__0vprintf) refers to bsp_usart1.o(.text) for fputc
    printfa.o(i.__0vprintf) refers to stdout.o(.data) for __stdout
    printfa.o(i.__0vsnprintf) refers (Special) to iusefp.o(.text) for __I$use$fp
    printfa.o(i.__0vsnprintf) refers to printfa.o(i._printf_core) for _printf_core
    printfa.o(i.__0vsnprintf) refers to printfa.o(i._snputc) for _snputc
    printfa.o(i.__0vsprintf) refers (Special) to iusefp.o(.text) for __I$use$fp
    printfa.o(i.__0vsprintf) refers to printfa.o(i._printf_core) for _printf_core
    printfa.o(i.__0vsprintf) refers to printfa.o(i._sputc) for _sputc
    printfa.o(i._fp_digits) refers (Special) to iusefp.o(.text) for __I$use$fp
    printfa.o(i._fp_digits) refers to dmul.o(.text) for __aeabi_dmul
    printfa.o(i._fp_digits) refers to ddiv.o(.text) for __aeabi_ddiv
    printfa.o(i._fp_digits) refers to cdrcmple.o(.text) for __aeabi_cdrcmple
    printfa.o(i._fp_digits) refers to dadd.o(.text) for __aeabi_dadd
    printfa.o(i._fp_digits) refers to dfixul.o(.text) for __aeabi_d2ulz
    printfa.o(i._fp_digits) refers to uldiv.o(.text) for __aeabi_uldivmod
    printfa.o(i._printf_core) refers (Special) to iusefp.o(.text) for __I$use$fp
    printfa.o(i._printf_core) refers to printfa.o(i._printf_pre_padding) for _printf_pre_padding
    printfa.o(i._printf_core) refers to uldiv.o(.text) for __aeabi_uldivmod
    printfa.o(i._printf_core) refers to printfa.o(i._printf_post_padding) for _printf_post_padding
    printfa.o(i._printf_core) refers to printfa.o(i._fp_digits) for _fp_digits
    printfa.o(i._printf_core) refers to uidiv.o(.text) for __aeabi_uidivmod
    printfa.o(i._printf_post_padding) refers (Special) to iusefp.o(.text) for __I$use$fp
    printfa.o(i._printf_pre_padding) refers (Special) to iusefp.o(.text) for __I$use$fp
    printfa.o(i._snputc) refers (Special) to iusefp.o(.text) for __I$use$fp
    printfa.o(i._sputc) refers (Special) to iusefp.o(.text) for __I$use$fp
    malloc.o(i.free) refers to mvars.o(.data) for __microlib_freelist
    malloc.o(i.malloc) refers to mvars.o(.data) for __microlib_freelist_initialised
    malloc.o(i.malloc) refers to mvars.o(.data) for __microlib_freelist
    malloc.o(i.malloc) refers to startup_stm32f10x_hd.o(HEAP) for __heap_base
    mallocr.o(i.__free$realloc) refers to mvars.o(.data) for __microlib_freelist
    mallocr.o(i.__malloc$realloc) refers to mallocr.o(i.internal_alloc) for internal_alloc
    mallocr.o(i.__malloc$realloc) refers to mvars.o(.data) for __microlib_freelist_initialised
    mallocr.o(i.__malloc$realloc) refers to startup_stm32f10x_hd.o(HEAP) for __heap_base
    mallocr.o(i.__malloc$realloc) refers to mvars.o(.data) for __microlib_freelist
    mallocr.o(i.internal_alloc) refers to memcpya.o(.text) for __aeabi_memcpy
    mallocr.o(i.internal_alloc) refers to mvars.o(.data) for __microlib_freelist
    mallocr.o(i.realloc) refers to mallocr.o(i.__free$realloc) for __free$realloc
    mallocr.o(i.realloc) refers to mallocr.o(i.internal_alloc) for internal_alloc
    mallocr.o(i.realloc) refers to mallocr.o(i.__malloc$realloc) for __malloc$realloc
    mallocr.o(i.realloc) refers to mvars.o(.data) for __microlib_freelist
    malloca.o(i.__aligned_malloc) refers to mvars.o(.data) for __microlib_freelist_initialised
    malloca.o(i.__aligned_malloc) refers to mvars.o(.data) for __microlib_freelist
    malloca.o(i.__aligned_malloc) refers to startup_stm32f10x_hd.o(HEAP) for __heap_base
    malloca.o(i.__free$memalign) refers to mvars.o(.data) for __microlib_freelist
    malloca.o(i.__malloc$memalign) refers to malloca.o(i.__aligned_malloc) for __aligned_malloc
    mallocra.o(i.__aligned_malloc$realloc) refers to mallocra.o(i.internal_alloc) for internal_alloc
    mallocra.o(i.__aligned_malloc$realloc) refers to mvars.o(.data) for __microlib_freelist_initialised
    mallocra.o(i.__aligned_malloc$realloc) refers to startup_stm32f10x_hd.o(HEAP) for __heap_base
    mallocra.o(i.__aligned_malloc$realloc) refers to mvars.o(.data) for __microlib_freelist
    mallocra.o(i.__free$realloc$memalign) refers to mvars.o(.data) for __microlib_freelist
    mallocra.o(i.__malloc$realloc$memalign) refers to mallocra.o(i.__aligned_malloc$realloc) for __aligned_malloc$realloc
    mallocra.o(i.__realloc$memalign) refers to mallocra.o(i.__free$realloc$memalign) for __free$realloc$memalign
    mallocra.o(i.__realloc$memalign) refers to mallocra.o(i.internal_alloc) for internal_alloc
    mallocra.o(i.__realloc$memalign) refers to mallocra.o(i.__malloc$realloc$memalign) for __malloc$realloc$memalign
    mallocra.o(i.__realloc$memalign) refers to mvars.o(.data) for __microlib_freelist
    mallocra.o(i.internal_alloc) refers to memcpya.o(.text) for __aeabi_memcpy
    mallocra.o(i.internal_alloc) refers to mvars.o(.data) for __microlib_freelist
    dadd.o(.text) refers (Special) to iusefp.o(.text) for __I$use$fp
    dadd.o(.text) refers to llshl.o(.text) for __aeabi_llsl
    dadd.o(.text) refers to llsshr.o(.text) for __aeabi_lasr
    dadd.o(.text) refers to depilogue.o(.text) for _double_epilogue
    dmul.o(.text) refers (Special) to iusefp.o(.text) for __I$use$fp
    dmul.o(.text) refers to depilogue.o(.text) for _double_epilogue
    dflti.o(.text) refers (Special) to iusefp.o(.text) for __I$use$fp
    dflti.o(.text) refers to depilogue.o(.text) for _double_epilogue
    dfixi.o(.text) refers (Special) to iusefp.o(.text) for __I$use$fp
    dfixi.o(.text) refers to llushr.o(.text) for __aeabi_llsr
    f2d.o(.text) refers (Special) to iusefp.o(.text) for __I$use$fp
    cdcmple.o(.text) refers (Special) to iusefp.o(.text) for __I$use$fp
    cdrcmple.o(.text) refers (Special) to iusefp.o(.text) for __I$use$fp
    dunder.o(i.__mathlib_dbl_underflow) refers to dscalb.o(.text) for __ARM_scalbn
    fpclassify.o(i.__ARM_fpclassify) refers (Special) to iusefp.o(.text) for __I$use$fp
    poly.o(i.__kernel_poly) refers (Special) to iusefp.o(.text) for __I$use$fp
    poly.o(i.__kernel_poly) refers to dmul.o(.text) for __aeabi_dmul
    poly.o(i.__kernel_poly) refers to dadd.o(.text) for __aeabi_dadd
    qnan.o(.constdata) refers (Special) to iusefp.o(.text) for __I$use$fp
    sqrt.o(i.__softfp_sqrt) refers (Special) to iusefp.o(.text) for __I$use$fp
    sqrt.o(i.__softfp_sqrt) refers to dsqrt.o(.text) for _dsqrt
    sqrt.o(i.__softfp_sqrt) refers to errno.o(i.__set_errno) for __set_errno
    sqrt.o(i.sqrt) refers (Special) to iusefp.o(.text) for __I$use$fp
    sqrt.o(i.sqrt) refers to dsqrt.o(.text) for _dsqrt
    sqrt.o(i.sqrt) refers to errno.o(i.__set_errno) for __set_errno
    sqrt_x.o(i.____softfp_sqrt$lsc) refers (Special) to iusefp.o(.text) for __I$use$fp
    sqrt_x.o(i.____softfp_sqrt$lsc) refers to cdcmple.o(.text) for __aeabi_cdcmple
    sqrt_x.o(i.____softfp_sqrt$lsc) refers to errno.o(i.__set_errno) for __set_errno
    sqrt_x.o(i.____softfp_sqrt$lsc) refers to dsqrt.o(.text) for _dsqrt
    sqrt_x.o(i.__sqrt$lsc) refers (Special) to iusefp.o(.text) for __I$use$fp
    sqrt_x.o(i.__sqrt$lsc) refers to cdcmple.o(.text) for __aeabi_cdcmple
    sqrt_x.o(i.__sqrt$lsc) refers to errno.o(i.__set_errno) for __set_errno
    sqrt_x.o(i.__sqrt$lsc) refers to dsqrt.o(.text) for _dsqrt
    entry2.o(.ARM.Collect$$$$00000001) refers to entry2.o(.ARM.Collect$$$$00002712) for __lit__00000000
    entry2.o(.ARM.Collect$$$$00002712) refers to startup_stm32f10x_hd.o(STACK) for __initial_sp
    entry2.o(__vectab_stack_and_reset_area) refers to startup_stm32f10x_hd.o(STACK) for __initial_sp
    entry2.o(__vectab_stack_and_reset_area) refers to entry.o(.ARM.Collect$$$$00000000) for __main
    entry5.o(.ARM.Collect$$$$00000004) refers to init.o(.text) for __scatterload
    entry9a.o(.ARM.Collect$$$$0000000B) refers to main.o(.text) for main
    entry9b.o(.ARM.Collect$$$$0000000C) refers to main.o(.text) for main
    uldiv.o(.text) refers to llushr.o(.text) for __aeabi_llsr
    uldiv.o(.text) refers to llshl.o(.text) for __aeabi_llsl
    errno.o(i.__aeabi_errno_addr) refers to errno.o(.data) for .data
    errno.o(i.__read_errno) refers to errno.o(.data) for .data
    errno.o(i.__set_errno) refers to errno.o(.data) for .data
    depilogue.o(.text) refers to llshl.o(.text) for __aeabi_llsl
    depilogue.o(.text) refers to llushr.o(.text) for __aeabi_llsr
    ddiv.o(.text) refers to depilogue.o(.text) for _double_round
    dfixul.o(.text) refers to llushr.o(.text) for __aeabi_llsr
    dfixul.o(.text) refers to llshl.o(.text) for __aeabi_llsl
    init.o(.text) refers to entry5.o(.ARM.Collect$$$$00000004) for __main_after_scatterload
    dsqrt.o(.text) refers to llushr.o(.text) for __aeabi_llsr
    dsqrt.o(.text) refers to depilogue.o(.text) for _double_round


==============================================================================

Removing Unused input sections from the image.

    Removing core_cm3.o(.emb_text), (32 bytes).
    Removing stm32f10x_bkp.o(.text), (196 bytes).
    Removing stm32f10x_exti.o(.text), (284 bytes).
    Removing stm32f10x_flash.o(.text), (1468 bytes).
    Removing stm32f10x_spi.o(.text), (780 bytes).
    Removing stm32f10x_tim.o(.text), (3610 bytes).
    Removing malloc.o(.constdata), (12 bytes).

7 unused section(s) (total 6382 bytes) removed from the image.

==============================================================================

Image Symbol Table

    Local Symbols

    Symbol Name                              Value     Ov Type        Size  Object(Section)

    ../clib/microlib/ctype/tolower.c         0x00000000   Number         0  tolower.o ABSOLUTE
    ../clib/microlib/division.c              0x00000000   Number         0  uldiv.o ABSOLUTE
    ../clib/microlib/division.c              0x00000000   Number         0  uidiv.o ABSOLUTE
    ../clib/microlib/errno.c                 0x00000000   Number         0  errno.o ABSOLUTE
    ../clib/microlib/init/entry.s            0x00000000   Number         0  entry5.o ABSOLUTE
    ../clib/microlib/init/entry.s            0x00000000   Number         0  entry7a.o ABSOLUTE
    ../clib/microlib/init/entry.s            0x00000000   Number         0  entry7b.o ABSOLUTE
    ../clib/microlib/init/entry.s            0x00000000   Number         0  entry8a.o ABSOLUTE
    ../clib/microlib/init/entry.s            0x00000000   Number         0  entry8b.o ABSOLUTE
    ../clib/microlib/init/entry.s            0x00000000   Number         0  entry9a.o ABSOLUTE
    ../clib/microlib/init/entry.s            0x00000000   Number         0  entry9b.o ABSOLUTE
    ../clib/microlib/init/entry.s            0x00000000   Number         0  entry.o ABSOLUTE
    ../clib/microlib/init/entry.s            0x00000000   Number         0  entry10a.o ABSOLUTE
    ../clib/microlib/init/entry.s            0x00000000   Number         0  entry10b.o ABSOLUTE
    ../clib/microlib/init/entry.s            0x00000000   Number         0  entry11a.o ABSOLUTE
    ../clib/microlib/init/entry.s            0x00000000   Number         0  entry11b.o ABSOLUTE
    ../clib/microlib/init/entry.s            0x00000000   Number         0  entry2.o ABSOLUTE
    ../clib/microlib/longlong.c              0x00000000   Number         0  llshl.o ABSOLUTE
    ../clib/microlib/longlong.c              0x00000000   Number         0  llsshr.o ABSOLUTE
    ../clib/microlib/longlong.c              0x00000000   Number         0  llushr.o ABSOLUTE
    ../clib/microlib/malloc/malloc.c         0x00000000   Number         0  mallocra.o ABSOLUTE
    ../clib/microlib/malloc/malloc.c         0x00000000   Number         0  malloca.o ABSOLUTE
    ../clib/microlib/malloc/malloc.c         0x00000000   Number         0  mallocr.o ABSOLUTE
    ../clib/microlib/malloc/malloc.c         0x00000000   Number         0  malloc.o ABSOLUTE
    ../clib/microlib/malloc/mvars.c          0x00000000   Number         0  mvars.o ABSOLUTE
    ../clib/microlib/printf/printf.c         0x00000000   Number         0  printf2.o ABSOLUTE
    ../clib/microlib/printf/printf.c         0x00000000   Number         0  printfb.o ABSOLUTE
    ../clib/microlib/printf/printf.c         0x00000000   Number         0  printf4.o ABSOLUTE
    ../clib/microlib/printf/printf.c         0x00000000   Number         0  printf1.o ABSOLUTE
    ../clib/microlib/printf/printf.c         0x00000000   Number         0  printfa.o ABSOLUTE
    ../clib/microlib/printf/printf.c         0x00000000   Number         0  printf0.o ABSOLUTE
    ../clib/microlib/printf/printf.c         0x00000000   Number         0  printf7.o ABSOLUTE
    ../clib/microlib/printf/printf.c         0x00000000   Number         0  printf5.o ABSOLUTE
    ../clib/microlib/printf/printf.c         0x00000000   Number         0  printf6.o ABSOLUTE
    ../clib/microlib/printf/printf.c         0x00000000   Number         0  printf3.o ABSOLUTE
    ../clib/microlib/printf/printf.c         0x00000000   Number         0  printf8.o ABSOLUTE
    ../clib/microlib/printf/stubs.s          0x00000000   Number         0  stubs.o ABSOLUTE
    ../clib/microlib/stdio/streams.c         0x00000000   Number         0  stdout.o ABSOLUTE
    ../clib/microlib/string/memcpy.c         0x00000000   Number         0  memcpya.o ABSOLUTE
    ../clib/microlib/string/memcpy.c         0x00000000   Number         0  memcpyb.o ABSOLUTE
    ../clib/microlib/string/memset.c         0x00000000   Number         0  memseta.o ABSOLUTE
    ../clib/microlib/string/strcat.c         0x00000000   Number         0  strcat.o ABSOLUTE
    ../clib/microlib/string/strchr.c         0x00000000   Number         0  strchr.o ABSOLUTE
    ../clib/microlib/string/strcmp.c         0x00000000   Number         0  strcmp.o ABSOLUTE
    ../clib/microlib/string/strcpy.c         0x00000000   Number         0  strcpy.o ABSOLUTE
    ../clib/microlib/string/strlen.c         0x00000000   Number         0  strlen.o ABSOLUTE
    ../clib/microlib/string/strncmp.c        0x00000000   Number         0  strncmp.o ABSOLUTE
    ../clib/microlib/stubs.s                 0x00000000   Number         0  iusefp.o ABSOLUTE
    ../fplib/microlib/f2d.c                  0x00000000   Number         0  f2d.o ABSOLUTE
    ../fplib/microlib/fpadd.c                0x00000000   Number         0  dadd.o ABSOLUTE
    ../fplib/microlib/fpdiv.c                0x00000000   Number         0  ddiv.o ABSOLUTE
    ../fplib/microlib/fpepilogue.c           0x00000000   Number         0  depilogue.o ABSOLUTE
    ../fplib/microlib/fpfix.c                0x00000000   Number         0  dfixi.o ABSOLUTE
    ../fplib/microlib/fpfix.c                0x00000000   Number         0  dfixul.o ABSOLUTE
    ../fplib/microlib/fpflt.c                0x00000000   Number         0  dflti.o ABSOLUTE
    ../fplib/microlib/fpmul.c                0x00000000   Number         0  dmul.o ABSOLUTE
    ../fplib/microlib/fpscalb.c              0x00000000   Number         0  dscalb.o ABSOLUTE
    ../fplib/microlib/fpsqrt.c               0x00000000   Number         0  dsqrt.o ABSOLUTE
    ../mathlib/dunder.c                      0x00000000   Number         0  dunder.o ABSOLUTE
    ../mathlib/floor.c                       0x00000000   Number         0  floor.o ABSOLUTE
    ../mathlib/fpclassify.c                  0x00000000   Number         0  fpclassify.o ABSOLUTE
    ../mathlib/poly.c                        0x00000000   Number         0  poly.o ABSOLUTE
    ../mathlib/pow.c                         0x00000000   Number         0  pow_x.o ABSOLUTE
    ../mathlib/pow.c                         0x00000000   Number         0  pow.o ABSOLUTE
    ../mathlib/qnan.c                        0x00000000   Number         0  qnan.o ABSOLUTE
    ../mathlib/sqrt.c                        0x00000000   Number         0  sqrt_x.o ABSOLUTE
    ../mathlib/sqrt.c                        0x00000000   Number         0  sqrt.o ABSOLUTE
    ..\..\Libraries\CMSIS\core_cm3.c         0x00000000   Number         0  core_cm3.o ABSOLUTE
    ..\..\Libraries\CMSIS\startup\startup_stm32f10x_hd.s 0x00000000   Number         0  startup_stm32f10x_hd.o ABSOLUTE
    ..\..\Libraries\CMSIS\system_stm32f10x.c 0x00000000   Number         0  system_stm32f10x.o ABSOLUTE
    ..\..\Libraries\FWlib\src\misc.c         0x00000000   Number         0  misc.o ABSOLUTE
    ..\..\Libraries\FWlib\src\stm32f10x_bkp.c 0x00000000   Number         0  stm32f10x_bkp.o ABSOLUTE
    ..\..\Libraries\FWlib\src\stm32f10x_exti.c 0x00000000   Number         0  stm32f10x_exti.o ABSOLUTE
    ..\..\Libraries\FWlib\src\stm32f10x_flash.c 0x00000000   Number         0  stm32f10x_flash.o ABSOLUTE
    ..\..\Libraries\FWlib\src\stm32f10x_gpio.c 0x00000000   Number         0  stm32f10x_gpio.o ABSOLUTE
    ..\..\Libraries\FWlib\src\stm32f10x_rcc.c 0x00000000   Number         0  stm32f10x_rcc.o ABSOLUTE
    ..\..\Libraries\FWlib\src\stm32f10x_spi.c 0x00000000   Number         0  stm32f10x_spi.o ABSOLUTE
    ..\..\Libraries\FWlib\src\stm32f10x_tim.c 0x00000000   Number         0  stm32f10x_tim.o ABSOLUTE
    ..\..\Libraries\FWlib\src\stm32f10x_usart.c 0x00000000   Number         0  stm32f10x_usart.o ABSOLUTE
    ..\..\User\List\List.c                   0x00000000   Number         0  list.o ABSOLUTE
    ..\..\User\cjson\cJSON.c                 0x00000000   Number         0  cjson.o ABSOLUTE
    ..\..\User\cjson\malloc.c                0x00000000   Number         0  malloc.o ABSOLUTE
    ..\..\User\dispose\dispose.c             0x00000000   Number         0  dispose.o ABSOLUTE
    ..\..\User\led\bsp_led.c                 0x00000000   Number         0  bsp_led.o ABSOLUTE
    ..\..\User\main.c                        0x00000000   Number         0  main.o ABSOLUTE
    ..\..\User\stm32f10x_it.c                0x00000000   Number         0  stm32f10x_it.o ABSOLUTE
    ..\..\User\usart\bsp_usart1.c            0x00000000   Number         0  bsp_usart1.o ABSOLUTE
    ..\..\User\utility\utility.c             0x00000000   Number         0  utility.o ABSOLUTE
    ..\\..\\Libraries\\CMSIS\\core_cm3.c     0x00000000   Number         0  core_cm3.o ABSOLUTE
    cdcmple.s                                0x00000000   Number         0  cdcmple.o ABSOLUTE
    cdrcmple.s                               0x00000000   Number         0  cdrcmple.o ABSOLUTE
    dc.s                                     0x00000000   Number         0  dc.o ABSOLUTE
    handlers.s                               0x00000000   Number         0  handlers.o ABSOLUTE
    init.s                                   0x00000000   Number         0  init.o ABSOLUTE
    RESET                                    0x08000000   Section      304  startup_stm32f10x_hd.o(RESET)
    .ARM.Collect$$$$00000000                 0x08000130   Section        0  entry.o(.ARM.Collect$$$$00000000)
    .ARM.Collect$$$$00000001                 0x08000130   Section        4  entry2.o(.ARM.Collect$$$$00000001)
    .ARM.Collect$$$$00000004                 0x08000134   Section        4  entry5.o(.ARM.Collect$$$$00000004)
    .ARM.Collect$$$$00000008                 0x08000138   Section        0  entry7b.o(.ARM.Collect$$$$00000008)
    .ARM.Collect$$$$0000000A                 0x08000138   Section        0  entry8b.o(.ARM.Collect$$$$0000000A)
    .ARM.Collect$$$$0000000B                 0x08000138   Section        8  entry9a.o(.ARM.Collect$$$$0000000B)
    .ARM.Collect$$$$0000000D                 0x08000140   Section        0  entry10a.o(.ARM.Collect$$$$0000000D)
    .ARM.Collect$$$$0000000F                 0x08000140   Section        0  entry11a.o(.ARM.Collect$$$$0000000F)
    .ARM.Collect$$$$00002712                 0x08000140   Section        4  entry2.o(.ARM.Collect$$$$00002712)
    __lit__00000000                          0x08000140   Data           4  entry2.o(.ARM.Collect$$$$00002712)
    .text                                    0x08000144   Section       36  startup_stm32f10x_hd.o(.text)
    .text                                    0x08000168   Section        0  system_stm32f10x.o(.text)
    SetSysClockTo72                          0x08000169   Thumb Code   212  system_stm32f10x.o(.text)
    SetSysClock                              0x0800023d   Thumb Code     8  system_stm32f10x.o(.text)
    .text                                    0x08000344   Section        0  misc.o(.text)
    .text                                    0x08000420   Section        0  stm32f10x_gpio.o(.text)
    .text                                    0x08000778   Section        0  stm32f10x_rcc.o(.text)
    .text                                    0x08000b1c   Section        0  stm32f10x_usart.o(.text)
    .text                                    0x08000f24   Section        0  main.o(.text)
    .text                                    0x08000f68   Section        0  stm32f10x_it.o(.text)
    .text                                    0x08000fb8   Section        0  bsp_usart1.o(.text)
    .text                                    0x08001138   Section        0  bsp_led.o(.text)
    .text                                    0x08001194   Section        0  list.o(.text)
    .text                                    0x0800142c   Section        0  utility.o(.text)
    .text                                    0x080014f0   Section        0  dispose.o(.text)
    .text                                    0x080018e8   Section        0  cjson.o(.text)
    cJSON_strcasecmp                         0x080018ef   Thumb Code    76  cjson.o(.text)
    cJSON_strdup                             0x0800193b   Thumb Code    40  cjson.o(.text)
    cJSON_New_Item                           0x08001993   Thumb Code    26  cjson.o(.text)
    parse_number                             0x080019f7   Thumb Code   432  cjson.o(.text)
    print_number                             0x08001ba7   Thumb Code   246  cjson.o(.text)
    parse_hex4                               0x08001c9d   Thumb Code   364  cjson.o(.text)
    parse_string                             0x08001e09   Thumb Code   448  cjson.o(.text)
    print_string_ptr                         0x08001fc9   Thumb Code   272  cjson.o(.text)
    print_string                             0x080020d9   Thumb Code    12  cjson.o(.text)
    skip                                     0x080020e5   Thumb Code    18  cjson.o(.text)
    parse_object                             0x080020f7   Thumb Code   298  cjson.o(.text)
    parse_array                              0x08002221   Thumb Code   166  cjson.o(.text)
    parse_value                              0x080022c7   Thumb Code   158  cjson.o(.text)
    print_object                             0x080023d5   Thumb Code   658  cjson.o(.text)
    print_array                              0x08002667   Thumb Code   352  cjson.o(.text)
    print_value                              0x080027c7   Thumb Code   128  cjson.o(.text)
    suffix_object                            0x080028a9   Thumb Code     6  cjson.o(.text)
    create_reference                         0x080028af   Thumb Code    48  cjson.o(.text)
    .text                                    0x08002dc8   Section        0  malloc.o(.text)
    .text                                    0x08002f5c   Section        0  tolower.o(.text)
    .text                                    0x08002f68   Section        0  memcpya.o(.text)
    .text                                    0x08002f8c   Section        0  memseta.o(.text)
    .text                                    0x08002fb0   Section        0  strcat.o(.text)
    .text                                    0x08002fc8   Section        0  strchr.o(.text)
    .text                                    0x08002fdc   Section        0  strlen.o(.text)
    .text                                    0x08002fea   Section        0  strcmp.o(.text)
    .text                                    0x08003006   Section        0  strcpy.o(.text)
    .text                                    0x08003018   Section        0  strncmp.o(.text)
    .text                                    0x08003036   Section        0  dadd.o(.text)
    .text                                    0x08003184   Section        0  dmul.o(.text)
    .text                                    0x08003268   Section        0  dflti.o(.text)
    .text                                    0x0800328a   Section        0  dfixi.o(.text)
    .text                                    0x080032c8   Section        0  f2d.o(.text)
    .text                                    0x080032f0   Section       40  cdcmple.o(.text)
    .text                                    0x08003318   Section       40  cdrcmple.o(.text)
    .text                                    0x08003340   Section        0  uidiv.o(.text)
    .text                                    0x0800336c   Section        0  uldiv.o(.text)
    .text                                    0x080033ce   Section        0  llshl.o(.text)
    .text                                    0x080033ec   Section        0  llushr.o(.text)
    .text                                    0x0800340c   Section        0  llsshr.o(.text)
    .text                                    0x08003430   Section        0  depilogue.o(.text)
    .text                                    0x08003430   Section        0  iusefp.o(.text)
    .text                                    0x080034ee   Section        0  ddiv.o(.text)
    .text                                    0x080035cc   Section        0  dscalb.o(.text)
    .text                                    0x080035fa   Section        0  dfixul.o(.text)
    .text                                    0x0800362c   Section       36  init.o(.text)
    .text                                    0x08003650   Section        0  dsqrt.o(.text)
    i.__0printf                              0x080036f4   Section        0  printfa.o(i.__0printf)
    i.__0sprintf                             0x08003714   Section        0  printfa.o(i.__0sprintf)
    i.__ARM_fpclassify                       0x0800373c   Section        0  fpclassify.o(i.__ARM_fpclassify)
    i.__kernel_poly                          0x08003764   Section        0  poly.o(i.__kernel_poly)
    i.__mathlib_dbl_underflow                0x08003810   Section        0  dunder.o(i.__mathlib_dbl_underflow)
    i.__scatterload_copy                     0x08003820   Section       14  handlers.o(i.__scatterload_copy)
    i.__scatterload_null                     0x0800382e   Section        2  handlers.o(i.__scatterload_null)
    i.__scatterload_zeroinit                 0x08003830   Section       14  handlers.o(i.__scatterload_zeroinit)
    i.__set_errno                            0x08003840   Section        0  errno.o(i.__set_errno)
    i._fp_digits                             0x0800384c   Section        0  printfa.o(i._fp_digits)
    _fp_digits                               0x0800384d   Thumb Code   326  printfa.o(i._fp_digits)
    i._printf_core                           0x080039a8   Section        0  printfa.o(i._printf_core)
    _printf_core                             0x080039a9   Thumb Code  1762  printfa.o(i._printf_core)
    i._printf_post_padding                   0x08004098   Section        0  printfa.o(i._printf_post_padding)
    _printf_post_padding                     0x08004099   Thumb Code    38  printfa.o(i._printf_post_padding)
    i._printf_pre_padding                    0x080040be   Section        0  printfa.o(i._printf_pre_padding)
    _printf_pre_padding                      0x080040bf   Thumb Code    48  printfa.o(i._printf_pre_padding)
    i._sputc                                 0x080040ee   Section        0  printfa.o(i._sputc)
    _sputc                                   0x080040ef   Thumb Code    10  printfa.o(i._sputc)
    i.floor                                  0x080040f8   Section        0  floor.o(i.floor)
    i.free                                   0x080041d4   Section        0  malloc.o(i.free)
    i.malloc                                 0x08004224   Section        0  malloc.o(i.malloc)
    i.pow                                    0x08004290   Section        0  pow.o(i.pow)
    i.sqrt                                   0x08004c70   Section        0  sqrt.o(i.sqrt)
    .constdata                               0x08004cbc   Section        7  cjson.o(.constdata)
    firstByteMark                            0x08004cbc   Data           7  cjson.o(.constdata)
    .constdata                               0x08004cc8   Section      136  pow.o(.constdata)
    bp                                       0x08004cc8   Data          16  pow.o(.constdata)
    dp_h                                     0x08004cd8   Data          16  pow.o(.constdata)
    dp_l                                     0x08004ce8   Data          16  pow.o(.constdata)
    L                                        0x08004cf8   Data          48  pow.o(.constdata)
    P                                        0x08004d28   Data          40  pow.o(.constdata)
    .constdata                               0x08004d50   Section        8  qnan.o(.constdata)
    .data                                    0x20000000   Section       20  system_stm32f10x.o(.data)
    .data                                    0x20000014   Section       20  stm32f10x_rcc.o(.data)
    APBAHBPrescTable                         0x20000014   Data          16  stm32f10x_rcc.o(.data)
    ADCPrescTable                            0x20000024   Data           4  stm32f10x_rcc.o(.data)
    .data                                    0x20000028   Section        3  bsp_usart1.o(.data)
    .data                                    0x2000002c   Section        8  list.o(.data)
    .data                                    0x20000034   Section        4  utility.o(.data)
    fac_us                                   0x20000034   Data           1  utility.o(.data)
    fac_ms                                   0x20000036   Data           2  utility.o(.data)
    .data                                    0x20000038   Section       12  cjson.o(.data)
    cJSON_malloc                             0x20000038   Data           4  cjson.o(.data)
    cJSON_free                               0x2000003c   Data           4  cjson.o(.data)
    ep                                       0x20000040   Data           4  cjson.o(.data)
    .data                                    0x20000044   Section       20  malloc.o(.data)
    .data                                    0x20000058   Section        4  stdout.o(.data)
    .data                                    0x2000005c   Section        4  mvars.o(.data)
    .data                                    0x20000060   Section        4  mvars.o(.data)
    .data                                    0x20000064   Section        4  errno.o(.data)
    _errno                                   0x20000064   Data           4  errno.o(.data)
    .bss                                     0x20000068   Section     1200  bsp_usart1.o(.bss)
    .bss                                     0x20000518   Section    17408  malloc.o(.bss)
    HEAP                                     0x20004918   Section      512  startup_stm32f10x_hd.o(HEAP)
    STACK                                    0x20004b18   Section     1024  startup_stm32f10x_hd.o(STACK)

    Global Symbols

    Symbol Name                              Value     Ov Type        Size  Object(Section)

    BuildAttributes$$THM_ISAv4$P$D$K$B$S$PE$A:L22UL41UL21$X:L11$S22US41US21$IEEE1$IW$USESV6$~STKCKD$USESV7$~SHL$OTIME$ROPI$IEEEX$EBA8$MICROLIB$REQ8$PRES8$EABIv2 0x00000000   Number         0  anon$$obj.o ABSOLUTE
    __ARM_use_no_argv                        0x00000000   Number         0  main.o ABSOLUTE
    _printf_a                                0x00000000   Number         0  stubs.o ABSOLUTE
    _printf_c                                0x00000000   Number         0  stubs.o ABSOLUTE
    _printf_charcount                        0x00000000   Number         0  stubs.o ABSOLUTE
    _printf_d                                0x00000000   Number         0  stubs.o ABSOLUTE
    _printf_e                                0x00000000   Number         0  stubs.o ABSOLUTE
    _printf_f                                0x00000000   Number         0  stubs.o ABSOLUTE
    _printf_flags                            0x00000000   Number         0  stubs.o ABSOLUTE
    _printf_fp_dec                           0x00000000   Number         0  stubs.o ABSOLUTE
    _printf_fp_hex                           0x00000000   Number         0  stubs.o ABSOLUTE
    _printf_g                                0x00000000   Number         0  stubs.o ABSOLUTE
    _printf_i                                0x00000000   Number         0  stubs.o ABSOLUTE
    _printf_int_dec                          0x00000000   Number         0  stubs.o ABSOLUTE
    _printf_l                                0x00000000   Number         0  stubs.o ABSOLUTE
    _printf_lc                               0x00000000   Number         0  stubs.o ABSOLUTE
    _printf_ll                               0x00000000   Number         0  stubs.o ABSOLUTE
    _printf_lld                              0x00000000   Number         0  stubs.o ABSOLUTE
    _printf_lli                              0x00000000   Number         0  stubs.o ABSOLUTE
    _printf_llo                              0x00000000   Number         0  stubs.o ABSOLUTE
    _printf_llu                              0x00000000   Number         0  stubs.o ABSOLUTE
    _printf_llx                              0x00000000   Number         0  stubs.o ABSOLUTE
    _printf_longlong_dec                     0x00000000   Number         0  stubs.o ABSOLUTE
    _printf_longlong_hex                     0x00000000   Number         0  stubs.o ABSOLUTE
    _printf_longlong_oct                     0x00000000   Number         0  stubs.o ABSOLUTE
    _printf_ls                               0x00000000   Number         0  stubs.o ABSOLUTE
    _printf_mbtowc                           0x00000000   Number         0  stubs.o ABSOLUTE
    _printf_n                                0x00000000   Number         0  stubs.o ABSOLUTE
    _printf_o                                0x00000000   Number         0  stubs.o ABSOLUTE
    _printf_p                                0x00000000   Number         0  stubs.o ABSOLUTE
    _printf_percent                          0x00000000   Number         0  stubs.o ABSOLUTE
    _printf_pre_padding                      0x00000000   Number         0  stubs.o ABSOLUTE
    _printf_return_value                     0x00000000   Number         0  stubs.o ABSOLUTE
    _printf_s                                0x00000000   Number         0  stubs.o ABSOLUTE
    _printf_sizespec                         0x00000000   Number         0  stubs.o ABSOLUTE
    _printf_str                              0x00000000   Number         0  stubs.o ABSOLUTE
    _printf_truncate_signed                  0x00000000   Number         0  stubs.o ABSOLUTE
    _printf_truncate_unsigned                0x00000000   Number         0  stubs.o ABSOLUTE
    _printf_u                                0x00000000   Number         0  stubs.o ABSOLUTE
    _printf_wc                               0x00000000   Number         0  stubs.o ABSOLUTE
    _printf_wctomb                           0x00000000   Number         0  stubs.o ABSOLUTE
    _printf_widthprec                        0x00000000   Number         0  stubs.o ABSOLUTE
    _printf_x                                0x00000000   Number         0  stubs.o ABSOLUTE
    __cpp_initialize__aeabi_                  - Undefined Weak Reference
    __cxa_finalize                            - Undefined Weak Reference
    __decompress                              - Undefined Weak Reference
    _clock_init                               - Undefined Weak Reference
    _microlib_exit                            - Undefined Weak Reference
    __Vectors_Size                           0x00000130   Number         0  startup_stm32f10x_hd.o ABSOLUTE
    __Vectors                                0x08000000   Data           4  startup_stm32f10x_hd.o(RESET)
    __Vectors_End                            0x08000130   Data           0  startup_stm32f10x_hd.o(RESET)
    __main                                   0x08000131   Thumb Code     0  entry.o(.ARM.Collect$$$$00000000)
    _main_stk                                0x08000131   Thumb Code     0  entry2.o(.ARM.Collect$$$$00000001)
    _main_scatterload                        0x08000135   Thumb Code     0  entry5.o(.ARM.Collect$$$$00000004)
    __main_after_scatterload                 0x08000139   Thumb Code     0  entry5.o(.ARM.Collect$$$$00000004)
    _main_clock                              0x08000139   Thumb Code     0  entry7b.o(.ARM.Collect$$$$00000008)
    _main_cpp_init                           0x08000139   Thumb Code     0  entry8b.o(.ARM.Collect$$$$0000000A)
    _main_init                               0x08000139   Thumb Code     0  entry9a.o(.ARM.Collect$$$$0000000B)
    __rt_final_cpp                           0x08000141   Thumb Code     0  entry10a.o(.ARM.Collect$$$$0000000D)
    __rt_final_exit                          0x08000141   Thumb Code     0  entry11a.o(.ARM.Collect$$$$0000000F)
    Reset_Handler                            0x08000145   Thumb Code     8  startup_stm32f10x_hd.o(.text)
    ADC1_2_IRQHandler                        0x0800015f   Thumb Code     0  startup_stm32f10x_hd.o(.text)
    ADC3_IRQHandler                          0x0800015f   Thumb Code     0  startup_stm32f10x_hd.o(.text)
    CAN1_RX1_IRQHandler                      0x0800015f   Thumb Code     0  startup_stm32f10x_hd.o(.text)
    CAN1_SCE_IRQHandler                      0x0800015f   Thumb Code     0  startup_stm32f10x_hd.o(.text)
    DMA1_Channel1_IRQHandler                 0x0800015f   Thumb Code     0  startup_stm32f10x_hd.o(.text)
    DMA1_Channel2_IRQHandler                 0x0800015f   Thumb Code     0  startup_stm32f10x_hd.o(.text)
    DMA1_Channel3_IRQHandler                 0x0800015f   Thumb Code     0  startup_stm32f10x_hd.o(.text)
    DMA1_Channel4_IRQHandler                 0x0800015f   Thumb Code     0  startup_stm32f10x_hd.o(.text)
    DMA1_Channel5_IRQHandler                 0x0800015f   Thumb Code     0  startup_stm32f10x_hd.o(.text)
    DMA1_Channel6_IRQHandler                 0x0800015f   Thumb Code     0  startup_stm32f10x_hd.o(.text)
    DMA1_Channel7_IRQHandler                 0x0800015f   Thumb Code     0  startup_stm32f10x_hd.o(.text)
    DMA2_Channel1_IRQHandler                 0x0800015f   Thumb Code     0  startup_stm32f10x_hd.o(.text)
    DMA2_Channel2_IRQHandler                 0x0800015f   Thumb Code     0  startup_stm32f10x_hd.o(.text)
    DMA2_Channel3_IRQHandler                 0x0800015f   Thumb Code     0  startup_stm32f10x_hd.o(.text)
    DMA2_Channel4_5_IRQHandler               0x0800015f   Thumb Code     0  startup_stm32f10x_hd.o(.text)
    EXTI0_IRQHandler                         0x0800015f   Thumb Code     0  startup_stm32f10x_hd.o(.text)
    EXTI15_10_IRQHandler                     0x0800015f   Thumb Code     0  startup_stm32f10x_hd.o(.text)
    EXTI1_IRQHandler                         0x0800015f   Thumb Code     0  startup_stm32f10x_hd.o(.text)
    EXTI2_IRQHandler                         0x0800015f   Thumb Code     0  startup_stm32f10x_hd.o(.text)
    EXTI3_IRQHandler                         0x0800015f   Thumb Code     0  startup_stm32f10x_hd.o(.text)
    EXTI4_IRQHandler                         0x0800015f   Thumb Code     0  startup_stm32f10x_hd.o(.text)
    EXTI9_5_IRQHandler                       0x0800015f   Thumb Code     0  startup_stm32f10x_hd.o(.text)
    FLASH_IRQHandler                         0x0800015f   Thumb Code     0  startup_stm32f10x_hd.o(.text)
    FSMC_IRQHandler                          0x0800015f   Thumb Code     0  startup_stm32f10x_hd.o(.text)
    I2C1_ER_IRQHandler                       0x0800015f   Thumb Code     0  startup_stm32f10x_hd.o(.text)
    I2C1_EV_IRQHandler                       0x0800015f   Thumb Code     0  startup_stm32f10x_hd.o(.text)
    I2C2_ER_IRQHandler                       0x0800015f   Thumb Code     0  startup_stm32f10x_hd.o(.text)
    I2C2_EV_IRQHandler                       0x0800015f   Thumb Code     0  startup_stm32f10x_hd.o(.text)
    PVD_IRQHandler                           0x0800015f   Thumb Code     0  startup_stm32f10x_hd.o(.text)
    RCC_IRQHandler                           0x0800015f   Thumb Code     0  startup_stm32f10x_hd.o(.text)
    RTCAlarm_IRQHandler                      0x0800015f   Thumb Code     0  startup_stm32f10x_hd.o(.text)
    RTC_IRQHandler                           0x0800015f   Thumb Code     0  startup_stm32f10x_hd.o(.text)
    SDIO_IRQHandler                          0x0800015f   Thumb Code     0  startup_stm32f10x_hd.o(.text)
    SPI1_IRQHandler                          0x0800015f   Thumb Code     0  startup_stm32f10x_hd.o(.text)
    SPI2_IRQHandler                          0x0800015f   Thumb Code     0  startup_stm32f10x_hd.o(.text)
    SPI3_IRQHandler                          0x0800015f   Thumb Code     0  startup_stm32f10x_hd.o(.text)
    TAMPER_IRQHandler                        0x0800015f   Thumb Code     0  startup_stm32f10x_hd.o(.text)
    TIM1_BRK_IRQHandler                      0x0800015f   Thumb Code     0  startup_stm32f10x_hd.o(.text)
    TIM1_CC_IRQHandler                       0x0800015f   Thumb Code     0  startup_stm32f10x_hd.o(.text)
    TIM1_TRG_COM_IRQHandler                  0x0800015f   Thumb Code     0  startup_stm32f10x_hd.o(.text)
    TIM1_UP_IRQHandler                       0x0800015f   Thumb Code     0  startup_stm32f10x_hd.o(.text)
    TIM2_IRQHandler                          0x0800015f   Thumb Code     0  startup_stm32f10x_hd.o(.text)
    TIM3_IRQHandler                          0x0800015f   Thumb Code     0  startup_stm32f10x_hd.o(.text)
    TIM4_IRQHandler                          0x0800015f   Thumb Code     0  startup_stm32f10x_hd.o(.text)
    TIM5_IRQHandler                          0x0800015f   Thumb Code     0  startup_stm32f10x_hd.o(.text)
    TIM6_IRQHandler                          0x0800015f   Thumb Code     0  startup_stm32f10x_hd.o(.text)
    TIM7_IRQHandler                          0x0800015f   Thumb Code     0  startup_stm32f10x_hd.o(.text)
    TIM8_BRK_IRQHandler                      0x0800015f   Thumb Code     0  startup_stm32f10x_hd.o(.text)
    TIM8_CC_IRQHandler                       0x0800015f   Thumb Code     0  startup_stm32f10x_hd.o(.text)
    TIM8_TRG_COM_IRQHandler                  0x0800015f   Thumb Code     0  startup_stm32f10x_hd.o(.text)
    TIM8_UP_IRQHandler                       0x0800015f   Thumb Code     0  startup_stm32f10x_hd.o(.text)
    UART4_IRQHandler                         0x0800015f   Thumb Code     0  startup_stm32f10x_hd.o(.text)
    UART5_IRQHandler                         0x0800015f   Thumb Code     0  startup_stm32f10x_hd.o(.text)
    USART2_IRQHandler                        0x0800015f   Thumb Code     0  startup_stm32f10x_hd.o(.text)
    USART3_IRQHandler                        0x0800015f   Thumb Code     0  startup_stm32f10x_hd.o(.text)
    USBWakeUp_IRQHandler                     0x0800015f   Thumb Code     0  startup_stm32f10x_hd.o(.text)
    USB_HP_CAN1_TX_IRQHandler                0x0800015f   Thumb Code     0  startup_stm32f10x_hd.o(.text)
    USB_LP_CAN1_RX0_IRQHandler               0x0800015f   Thumb Code     0  startup_stm32f10x_hd.o(.text)
    WWDG_IRQHandler                          0x0800015f   Thumb Code     0  startup_stm32f10x_hd.o(.text)
    SystemInit                               0x08000245   Thumb Code    78  system_stm32f10x.o(.text)
    SystemCoreClockUpdate                    0x08000293   Thumb Code   142  system_stm32f10x.o(.text)
    NVIC_PriorityGroupConfig                 0x08000345   Thumb Code    10  misc.o(.text)
    NVIC_Init                                0x0800034f   Thumb Code   102  misc.o(.text)
    NVIC_SetVectorTable                      0x080003b5   Thumb Code    14  misc.o(.text)
    NVIC_SystemLPConfig                      0x080003c3   Thumb Code    34  misc.o(.text)
    SysTick_CLKSourceConfig                  0x080003e5   Thumb Code    40  misc.o(.text)
    GPIO_DeInit                              0x08000421   Thumb Code   172  stm32f10x_gpio.o(.text)
    GPIO_AFIODeInit                          0x080004cd   Thumb Code    20  stm32f10x_gpio.o(.text)
    GPIO_Init                                0x080004e1   Thumb Code   274  stm32f10x_gpio.o(.text)
    GPIO_StructInit                          0x080005f3   Thumb Code    16  stm32f10x_gpio.o(.text)
    GPIO_ReadInputDataBit                    0x08000603   Thumb Code    18  stm32f10x_gpio.o(.text)
    GPIO_ReadInputData                       0x08000615   Thumb Code     8  stm32f10x_gpio.o(.text)
    GPIO_ReadOutputDataBit                   0x0800061d   Thumb Code    18  stm32f10x_gpio.o(.text)
    GPIO_ReadOutputData                      0x0800062f   Thumb Code     8  stm32f10x_gpio.o(.text)
    GPIO_SetBits                             0x08000637   Thumb Code     4  stm32f10x_gpio.o(.text)
    GPIO_ResetBits                           0x0800063b   Thumb Code     4  stm32f10x_gpio.o(.text)
    GPIO_WriteBit                            0x0800063f   Thumb Code    10  stm32f10x_gpio.o(.text)
    GPIO_Write                               0x08000649   Thumb Code     4  stm32f10x_gpio.o(.text)
    GPIO_PinLockConfig                       0x0800064d   Thumb Code    18  stm32f10x_gpio.o(.text)
    GPIO_EventOutputConfig                   0x0800065f   Thumb Code    26  stm32f10x_gpio.o(.text)
    GPIO_EventOutputCmd                      0x08000679   Thumb Code     6  stm32f10x_gpio.o(.text)
    GPIO_PinRemapConfig                      0x0800067f   Thumb Code   138  stm32f10x_gpio.o(.text)
    GPIO_EXTILineConfig                      0x08000709   Thumb Code    66  stm32f10x_gpio.o(.text)
    GPIO_ETH_MediaInterfaceConfig            0x0800074b   Thumb Code     6  stm32f10x_gpio.o(.text)
    RCC_DeInit                               0x08000779   Thumb Code    64  stm32f10x_rcc.o(.text)
    RCC_HSEConfig                            0x080007b9   Thumb Code    70  stm32f10x_rcc.o(.text)
    RCC_GetFlagStatus                        0x080007ff   Thumb Code    56  stm32f10x_rcc.o(.text)
    RCC_WaitForHSEStartUp                    0x08000837   Thumb Code    56  stm32f10x_rcc.o(.text)
    RCC_AdjustHSICalibrationValue            0x0800086f   Thumb Code    20  stm32f10x_rcc.o(.text)
    RCC_HSICmd                               0x08000883   Thumb Code     6  stm32f10x_rcc.o(.text)
    RCC_PLLConfig                            0x08000889   Thumb Code    24  stm32f10x_rcc.o(.text)
    RCC_PLLCmd                               0x080008a1   Thumb Code     6  stm32f10x_rcc.o(.text)
    RCC_SYSCLKConfig                         0x080008a7   Thumb Code    18  stm32f10x_rcc.o(.text)
    RCC_GetSYSCLKSource                      0x080008b9   Thumb Code    10  stm32f10x_rcc.o(.text)
    RCC_HCLKConfig                           0x080008c3   Thumb Code    18  stm32f10x_rcc.o(.text)
    RCC_PCLK1Config                          0x080008d5   Thumb Code    18  stm32f10x_rcc.o(.text)
    RCC_PCLK2Config                          0x080008e7   Thumb Code    20  stm32f10x_rcc.o(.text)
    RCC_ITConfig                             0x080008fb   Thumb Code    26  stm32f10x_rcc.o(.text)
    RCC_USBCLKConfig                         0x08000915   Thumb Code     6  stm32f10x_rcc.o(.text)
    RCC_ADCCLKConfig                         0x0800091b   Thumb Code    18  stm32f10x_rcc.o(.text)
    RCC_LSEConfig                            0x0800092d   Thumb Code    44  stm32f10x_rcc.o(.text)
    RCC_LSICmd                               0x08000959   Thumb Code     6  stm32f10x_rcc.o(.text)
    RCC_RTCCLKConfig                         0x0800095f   Thumb Code    12  stm32f10x_rcc.o(.text)
    RCC_RTCCLKCmd                            0x0800096b   Thumb Code     8  stm32f10x_rcc.o(.text)
    RCC_GetClocksFreq                        0x08000973   Thumb Code   192  stm32f10x_rcc.o(.text)
    RCC_AHBPeriphClockCmd                    0x08000a33   Thumb Code    26  stm32f10x_rcc.o(.text)
    RCC_APB2PeriphClockCmd                   0x08000a4d   Thumb Code    26  stm32f10x_rcc.o(.text)
    RCC_APB1PeriphClockCmd                   0x08000a67   Thumb Code    26  stm32f10x_rcc.o(.text)
    RCC_APB2PeriphResetCmd                   0x08000a81   Thumb Code    26  stm32f10x_rcc.o(.text)
    RCC_APB1PeriphResetCmd                   0x08000a9b   Thumb Code    26  stm32f10x_rcc.o(.text)
    RCC_BackupResetCmd                       0x08000ab5   Thumb Code     8  stm32f10x_rcc.o(.text)
    RCC_ClockSecuritySystemCmd               0x08000abd   Thumb Code     6  stm32f10x_rcc.o(.text)
    RCC_MCOConfig                            0x08000ac3   Thumb Code     6  stm32f10x_rcc.o(.text)
    RCC_ClearFlag                            0x08000ac9   Thumb Code    14  stm32f10x_rcc.o(.text)
    RCC_GetITStatus                          0x08000ad7   Thumb Code    20  stm32f10x_rcc.o(.text)
    RCC_ClearITPendingBit                    0x08000aeb   Thumb Code     6  stm32f10x_rcc.o(.text)
    USART_DeInit                             0x08000b1d   Thumb Code   134  stm32f10x_usart.o(.text)
    USART_Init                               0x08000ba3   Thumb Code   210  stm32f10x_usart.o(.text)
    USART_StructInit                         0x08000c75   Thumb Code    24  stm32f10x_usart.o(.text)
    USART_ClockInit                          0x08000c8d   Thumb Code    34  stm32f10x_usart.o(.text)
    USART_ClockStructInit                    0x08000caf   Thumb Code    12  stm32f10x_usart.o(.text)
    USART_Cmd                                0x08000cbb   Thumb Code    24  stm32f10x_usart.o(.text)
    USART_ITConfig                           0x08000cd3   Thumb Code    74  stm32f10x_usart.o(.text)
    USART_DMACmd                             0x08000d1d   Thumb Code    18  stm32f10x_usart.o(.text)
    USART_SetAddress                         0x08000d2f   Thumb Code    18  stm32f10x_usart.o(.text)
    USART_WakeUpConfig                       0x08000d41   Thumb Code    18  stm32f10x_usart.o(.text)
    USART_ReceiverWakeUpCmd                  0x08000d53   Thumb Code    24  stm32f10x_usart.o(.text)
    USART_LINBreakDetectLengthConfig         0x08000d6b   Thumb Code    18  stm32f10x_usart.o(.text)
    USART_LINCmd                             0x08000d7d   Thumb Code    24  stm32f10x_usart.o(.text)
    USART_SendData                           0x08000d95   Thumb Code     8  stm32f10x_usart.o(.text)
    USART_ReceiveData                        0x08000d9d   Thumb Code    10  stm32f10x_usart.o(.text)
    USART_SendBreak                          0x08000da7   Thumb Code    10  stm32f10x_usart.o(.text)
    USART_SetGuardTime                       0x08000db1   Thumb Code    16  stm32f10x_usart.o(.text)
    USART_SetPrescaler                       0x08000dc1   Thumb Code    16  stm32f10x_usart.o(.text)
    USART_SmartCardCmd                       0x08000dd1   Thumb Code    24  stm32f10x_usart.o(.text)
    USART_SmartCardNACKCmd                   0x08000de9   Thumb Code    24  stm32f10x_usart.o(.text)
    USART_HalfDuplexCmd                      0x08000e01   Thumb Code    24  stm32f10x_usart.o(.text)
    USART_OverSampling8Cmd                   0x08000e19   Thumb Code    22  stm32f10x_usart.o(.text)
    USART_OneBitMethodCmd                    0x08000e2f   Thumb Code    24  stm32f10x_usart.o(.text)
    USART_IrDAConfig                         0x08000e47   Thumb Code    18  stm32f10x_usart.o(.text)
    USART_IrDACmd                            0x08000e59   Thumb Code    24  stm32f10x_usart.o(.text)
    USART_GetFlagStatus                      0x08000e71   Thumb Code    26  stm32f10x_usart.o(.text)
    USART_ClearFlag                          0x08000e8b   Thumb Code    18  stm32f10x_usart.o(.text)
    USART_GetITStatus                        0x08000e9d   Thumb Code    84  stm32f10x_usart.o(.text)
    USART_ClearITPendingBit                  0x08000ef1   Thumb Code    52  stm32f10x_usart.o(.text)
    main                                     0x08000f25   Thumb Code    46  main.o(.text)
    NMI_Handler                              0x08000f69   Thumb Code     2  stm32f10x_it.o(.text)
    HardFault_Handler                        0x08000f6b   Thumb Code     2  stm32f10x_it.o(.text)
    MemManage_Handler                        0x08000f6d   Thumb Code     4  stm32f10x_it.o(.text)
    BusFault_Handler                         0x08000f71   Thumb Code     4  stm32f10x_it.o(.text)
    UsageFault_Handler                       0x08000f75   Thumb Code     4  stm32f10x_it.o(.text)
    SVC_Handler                              0x08000f79   Thumb Code     2  stm32f10x_it.o(.text)
    DebugMon_Handler                         0x08000f7b   Thumb Code     2  stm32f10x_it.o(.text)
    PendSV_Handler                           0x08000f7d   Thumb Code     2  stm32f10x_it.o(.text)
    SysTick_Handler                          0x08000f7f   Thumb Code     2  stm32f10x_it.o(.text)
    USART1_IRQHandler                        0x08000f81   Thumb Code    42  stm32f10x_it.o(.text)
    USART1_Config                            0x08000fb9   Thumb Code   162  bsp_usart1.o(.text)
    USART1_Receive                           0x0800105b   Thumb Code    88  bsp_usart1.o(.text)
    USART1_Dispose                           0x080010b3   Thumb Code    40  bsp_usart1.o(.text)
    fputc                                    0x080010db   Thumb Code    32  bsp_usart1.o(.text)
    fgetc                                    0x080010fb   Thumb Code    26  bsp_usart1.o(.text)
    LED_GPIO_Config                          0x08001139   Thumb Code    82  bsp_led.o(.text)
    NodeCreat                                0x08001195   Thumb Code    84  list.o(.text)
    Insert_Node                              0x080011e9   Thumb Code   130  list.o(.text)
    Print_Node                               0x0800126b   Thumb Code    36  list.o(.text)
    Delete_Node                              0x0800128f   Thumb Code    50  list.o(.text)
    Insert_data                              0x080012c1   Thumb Code   238  list.o(.text)
    systick_init                             0x0800142d   Thumb Code    56  utility.o(.text)
    delay_ms                                 0x08001465   Thumb Code    54  utility.o(.text)
    delay_s                                  0x0800149b   Thumb Code    22  utility.o(.text)
    delay_us                                 0x080014b1   Thumb Code    54  utility.o(.text)
    Josn_Parse_Switch                        0x080014f1   Thumb Code   418  dispose.o(.text)
    printJson                                0x08001693   Thumb Code    92  dispose.o(.text)
    text                                     0x080016ef   Thumb Code   202  dispose.o(.text)
    cJSON_GetErrorPtr                        0x080018e9   Thumb Code     6  cjson.o(.text)
    cJSON_InitHooks                          0x08001963   Thumb Code    48  cjson.o(.text)
    cJSON_Delete                             0x080019ad   Thumb Code    74  cjson.o(.text)
    cJSON_ParseWithOpts                      0x08002365   Thumb Code    96  cjson.o(.text)
    cJSON_Parse                              0x080023c5   Thumb Code    16  cjson.o(.text)
    cJSON_Print                              0x08002847   Thumb Code    16  cjson.o(.text)
    cJSON_PrintUnformatted                   0x08002857   Thumb Code    16  cjson.o(.text)
    cJSON_GetArraySize                       0x08002867   Thumb Code    18  cjson.o(.text)
    cJSON_GetArrayItem                       0x08002879   Thumb Code    18  cjson.o(.text)
    cJSON_GetObjectItem                      0x0800288b   Thumb Code    30  cjson.o(.text)
    cJSON_AddItemToArray                     0x080028df   Thumb Code    42  cjson.o(.text)
    cJSON_AddItemToObject                    0x08002909   Thumb Code    44  cjson.o(.text)
    cJSON_AddItemReferenceToArray            0x08002935   Thumb Code    24  cjson.o(.text)
    cJSON_AddItemReferenceToObject           0x0800294d   Thumb Code    32  cjson.o(.text)
    cJSON_DetachItemFromArray                0x0800296d   Thumb Code    66  cjson.o(.text)
    cJSON_DeleteItemFromArray                0x080029af   Thumb Code    22  cjson.o(.text)
    cJSON_DetachItemFromObject               0x080029c5   Thumb Code    50  cjson.o(.text)
    cJSON_DeleteItemFromObject               0x080029f7   Thumb Code    22  cjson.o(.text)
    cJSON_ReplaceItemInArray                 0x08002a0d   Thumb Code    90  cjson.o(.text)
    cJSON_ReplaceItemInObject                0x08002a67   Thumb Code    62  cjson.o(.text)
    cJSON_CreateNull                         0x08002aa5   Thumb Code    18  cjson.o(.text)
    cJSON_CreateTrue                         0x08002ab7   Thumb Code    18  cjson.o(.text)
    cJSON_CreateFalse                        0x08002ac9   Thumb Code    18  cjson.o(.text)
    cJSON_CreateBool                         0x08002adb   Thumb Code    26  cjson.o(.text)
    cJSON_CreateNumber                       0x08002af5   Thumb Code    36  cjson.o(.text)
    cJSON_CreateString                       0x08002b19   Thumb Code    28  cjson.o(.text)
    cJSON_CreateArray                        0x08002b35   Thumb Code    18  cjson.o(.text)
    cJSON_CreateObject                       0x08002b47   Thumb Code    18  cjson.o(.text)
    cJSON_CreateIntArray                     0x08002b59   Thumb Code    68  cjson.o(.text)
    cJSON_CreateFloatArray                   0x08002b9d   Thumb Code    68  cjson.o(.text)
    cJSON_CreateDoubleArray                  0x08002be1   Thumb Code    68  cjson.o(.text)
    cJSON_CreateStringArray                  0x08002c25   Thumb Code    62  cjson.o(.text)
    cJSON_Duplicate                          0x08002c63   Thumb Code   172  cjson.o(.text)
    cJSON_Minify                             0x08002d0f   Thumb Code   186  cjson.o(.text)
    mymemcpy                                 0x08002dc9   Thumb Code    26  malloc.o(.text)
    mymemset                                 0x08002de3   Thumb Code    20  malloc.o(.text)
    mem_init                                 0x08002df7   Thumb Code    38  malloc.o(.text)
    mem_perused                              0x08002e1d   Thumb Code    36  malloc.o(.text)
    mem_malloc                               0x08002e41   Thumb Code   116  malloc.o(.text)
    mem_free                                 0x08002eb5   Thumb Code    66  malloc.o(.text)
    myfree                                   0x08002ef7   Thumb Code    24  malloc.o(.text)
    mymalloc                                 0x08002f0f   Thumb Code    26  malloc.o(.text)
    myrealloc                                0x08002f29   Thumb Code    48  malloc.o(.text)
    tolower                                  0x08002f5d   Thumb Code    12  tolower.o(.text)
    __aeabi_memcpy                           0x08002f69   Thumb Code    36  memcpya.o(.text)
    __aeabi_memcpy4                          0x08002f69   Thumb Code     0  memcpya.o(.text)
    __aeabi_memcpy8                          0x08002f69   Thumb Code     0  memcpya.o(.text)
    __aeabi_memset                           0x08002f8d   Thumb Code    14  memseta.o(.text)
    __aeabi_memset4                          0x08002f8d   Thumb Code     0  memseta.o(.text)
    __aeabi_memset8                          0x08002f8d   Thumb Code     0  memseta.o(.text)
    __aeabi_memclr                           0x08002f9b   Thumb Code     4  memseta.o(.text)
    __aeabi_memclr4                          0x08002f9b   Thumb Code     0  memseta.o(.text)
    __aeabi_memclr8                          0x08002f9b   Thumb Code     0  memseta.o(.text)
    _memset$wrapper                          0x08002f9f   Thumb Code    18  memseta.o(.text)
    strcat                                   0x08002fb1   Thumb Code    24  strcat.o(.text)
    strchr                                   0x08002fc9   Thumb Code    20  strchr.o(.text)
    strlen                                   0x08002fdd   Thumb Code    14  strlen.o(.text)
    strcmp                                   0x08002feb   Thumb Code    28  strcmp.o(.text)
    strcpy                                   0x08003007   Thumb Code    18  strcpy.o(.text)
    strncmp                                  0x08003019   Thumb Code    30  strncmp.o(.text)
    __aeabi_dadd                             0x08003037   Thumb Code   322  dadd.o(.text)
    __aeabi_dsub                             0x08003179   Thumb Code     6  dadd.o(.text)
    __aeabi_drsub                            0x0800317f   Thumb Code     6  dadd.o(.text)
    __aeabi_dmul                             0x08003185   Thumb Code   228  dmul.o(.text)
    __aeabi_i2d                              0x08003269   Thumb Code    34  dflti.o(.text)
    __aeabi_d2iz                             0x0800328b   Thumb Code    62  dfixi.o(.text)
    __aeabi_f2d                              0x080032c9   Thumb Code    38  f2d.o(.text)
    __aeabi_cdcmpeq                          0x080032f1   Thumb Code     0  cdcmple.o(.text)
    __aeabi_cdcmple                          0x080032f1   Thumb Code    38  cdcmple.o(.text)
    __aeabi_cdrcmple                         0x08003319   Thumb Code    38  cdrcmple.o(.text)
    __aeabi_uidiv                            0x08003341   Thumb Code     0  uidiv.o(.text)
    __aeabi_uidivmod                         0x08003341   Thumb Code    44  uidiv.o(.text)
    __aeabi_uldivmod                         0x0800336d   Thumb Code    98  uldiv.o(.text)
    __aeabi_llsl                             0x080033cf   Thumb Code    30  llshl.o(.text)
    _ll_shift_l                              0x080033cf   Thumb Code     0  llshl.o(.text)
    __aeabi_llsr                             0x080033ed   Thumb Code    32  llushr.o(.text)
    _ll_ushift_r                             0x080033ed   Thumb Code     0  llushr.o(.text)
    __aeabi_lasr                             0x0800340d   Thumb Code    36  llsshr.o(.text)
    _ll_sshift_r                             0x0800340d   Thumb Code     0  llsshr.o(.text)
    __I$use$fp                               0x08003431   Thumb Code     0  iusefp.o(.text)
    _double_round                            0x08003431   Thumb Code    26  depilogue.o(.text)
    _double_epilogue                         0x0800344b   Thumb Code   164  depilogue.o(.text)
    __aeabi_ddiv                             0x080034ef   Thumb Code   222  ddiv.o(.text)
    __ARM_scalbn                             0x080035cd   Thumb Code    46  dscalb.o(.text)
    scalbn                                   0x080035cd   Thumb Code     0  dscalb.o(.text)
    __aeabi_d2ulz                            0x080035fb   Thumb Code    48  dfixul.o(.text)
    __scatterload                            0x0800362d   Thumb Code    28  init.o(.text)
    __scatterload_rt2                        0x0800362d   Thumb Code     0  init.o(.text)
    _dsqrt                                   0x08003651   Thumb Code   162  dsqrt.o(.text)
    __0printf                                0x080036f5   Thumb Code    22  printfa.o(i.__0printf)
    __1printf                                0x080036f5   Thumb Code     0  printfa.o(i.__0printf)
    __2printf                                0x080036f5   Thumb Code     0  printfa.o(i.__0printf)
    __c89printf                              0x080036f5   Thumb Code     0  printfa.o(i.__0printf)
    printf                                   0x080036f5   Thumb Code     0  printfa.o(i.__0printf)
    __0sprintf                               0x08003715   Thumb Code    34  printfa.o(i.__0sprintf)
    __1sprintf                               0x08003715   Thumb Code     0  printfa.o(i.__0sprintf)
    __2sprintf                               0x08003715   Thumb Code     0  printfa.o(i.__0sprintf)
    __c89sprintf                             0x08003715   Thumb Code     0  printfa.o(i.__0sprintf)
    sprintf                                  0x08003715   Thumb Code     0  printfa.o(i.__0sprintf)
    __ARM_fpclassify                         0x0800373d   Thumb Code    40  fpclassify.o(i.__ARM_fpclassify)
    __kernel_poly                            0x08003765   Thumb Code   170  poly.o(i.__kernel_poly)
    __mathlib_dbl_underflow                  0x08003811   Thumb Code    10  dunder.o(i.__mathlib_dbl_underflow)
    __scatterload_copy                       0x08003821   Thumb Code    14  handlers.o(i.__scatterload_copy)
    __scatterload_null                       0x0800382f   Thumb Code     2  handlers.o(i.__scatterload_null)
    __scatterload_zeroinit                   0x08003831   Thumb Code    14  handlers.o(i.__scatterload_zeroinit)
    __set_errno                              0x08003841   Thumb Code     6  errno.o(i.__set_errno)
    floor                                    0x080040f9   Thumb Code   204  floor.o(i.floor)
    free                                     0x080041d5   Thumb Code    76  malloc.o(i.free)
    malloc                                   0x08004225   Thumb Code    92  malloc.o(i.malloc)
    pow                                      0x08004291   Thumb Code  2510  pow.o(i.pow)
    sqrt                                     0x08004c71   Thumb Code    76  sqrt.o(i.sqrt)
    __mathlib_zero                           0x08004d50   Data           8  qnan.o(.constdata)
    Region$$Table$$Base                      0x08004d58   Number         0  anon$$obj.o(Region$$Table)
    Region$$Table$$Limit                     0x08004d78   Number         0  anon$$obj.o(Region$$Table)
    SystemCoreClock                          0x20000000   Data           4  system_stm32f10x.o(.data)
    AHBPrescTable                            0x20000004   Data          16  system_stm32f10x.o(.data)
    Rx1_cnt                                  0x20000028   Data           2  bsp_usart1.o(.data)
    Temp_cnt                                 0x2000002a   Data           1  bsp_usart1.o(.data)
    repeat                                   0x2000002c   Data           1  list.o(.data)
    Head                                     0x20000030   Data           4  list.o(.data)
    mallco_dev                               0x20000044   Data          20  malloc.o(.data)
    __stdout                                 0x20000058   Data           4  stdout.o(.data)
    __microlib_freelist                      0x2000005c   Data           4  mvars.o(.data)
    __microlib_freelist_initialised          0x20000060   Data           4  mvars.o(.data)
    Rx1_buf                                  0x20000068   Data         800  bsp_usart1.o(.bss)
    Rx1_Temp                                 0x20000388   Data         400  bsp_usart1.o(.bss)
    membase                                  0x20000518   Data       16384  malloc.o(.bss)
    memmapbase                               0x20004518   Data        1024  malloc.o(.bss)
    __heap_base                              0x20004918   Data           0  startup_stm32f10x_hd.o(HEAP)
    __heap_limit                             0x20004b18   Data           0  startup_stm32f10x_hd.o(HEAP)
    __initial_sp                             0x20004f18   Data           0  startup_stm32f10x_hd.o(STACK)



==============================================================================

Memory Map of the image

  Image Entry point : 0x08000131

  Load Region LR_IROM1 (Base: 0x08000000, Size: 0x00004de0, Max: 0x00080000, ABSOLUTE)

    Execution Region ER_IROM1 (Base: 0x08000000, Size: 0x00004d78, Max: 0x00080000, ABSOLUTE)

    Base Addr    Size         Type   Attr      Idx    E Section Name        Object

    0x08000000   0x00000130   Data   RO            3    RESET               startup_stm32f10x_hd.o
    0x08000130   0x00000000   Code   RO          440  * .ARM.Collect$$$$00000000  mc_w.l(entry.o)
    0x08000130   0x00000004   Code   RO          781    .ARM.Collect$$$$00000001  mc_w.l(entry2.o)
    0x08000134   0x00000004   Code   RO          784    .ARM.Collect$$$$00000004  mc_w.l(entry5.o)
    0x08000138   0x00000000   Code   RO          786    .ARM.Collect$$$$00000008  mc_w.l(entry7b.o)
    0x08000138   0x00000000   Code   RO          788    .ARM.Collect$$$$0000000A  mc_w.l(entry8b.o)
    0x08000138   0x00000008   Code   RO          789    .ARM.Collect$$$$0000000B  mc_w.l(entry9a.o)
    0x08000140   0x00000000   Code   RO          791    .ARM.Collect$$$$0000000D  mc_w.l(entry10a.o)
    0x08000140   0x00000000   Code   RO          793    .ARM.Collect$$$$0000000F  mc_w.l(entry11a.o)
    0x08000140   0x00000004   Code   RO          782    .ARM.Collect$$$$00002712  mc_w.l(entry2.o)
    0x08000144   0x00000024   Code   RO            4    .text               startup_stm32f10x_hd.o
    0x08000168   0x000001dc   Code   RO           24    .text               system_stm32f10x.o
    0x08000344   0x000000dc   Code   RO           67    .text               misc.o
    0x08000420   0x00000358   Code   RO          128    .text               stm32f10x_gpio.o
    0x08000778   0x000003a4   Code   RO          140    .text               stm32f10x_rcc.o
    0x08000b1c   0x00000408   Code   RO          184    .text               stm32f10x_usart.o
    0x08000f24   0x00000044   Code   RO          196    .text               main.o
    0x08000f68   0x00000050   Code   RO          240    .text               stm32f10x_it.o
    0x08000fb8   0x00000180   Code   RO          256    .text               bsp_usart1.o
    0x08001138   0x0000005c   Code   RO          272    .text               bsp_led.o
    0x08001194   0x00000298   Code   RO          284    .text               list.o
    0x0800142c   0x000000c4   Code   RO          305    .text               utility.o
    0x080014f0   0x000003f8   Code   RO          329    .text               dispose.o
    0x080018e8   0x000014e0   Code   RO          357    .text               cjson.o
    0x08002dc8   0x00000194   Code   RO          406    .text               malloc.o
    0x08002f5c   0x0000000c   Code   RO          443    .text               mc_w.l(tolower.o)
    0x08002f68   0x00000024   Code   RO          445    .text               mc_w.l(memcpya.o)
    0x08002f8c   0x00000024   Code   RO          447    .text               mc_w.l(memseta.o)
    0x08002fb0   0x00000018   Code   RO          449    .text               mc_w.l(strcat.o)
    0x08002fc8   0x00000014   Code   RO          451    .text               mc_w.l(strchr.o)
    0x08002fdc   0x0000000e   Code   RO          453    .text               mc_w.l(strlen.o)
    0x08002fea   0x0000001c   Code   RO          455    .text               mc_w.l(strcmp.o)
    0x08003006   0x00000012   Code   RO          457    .text               mc_w.l(strcpy.o)
    0x08003018   0x0000001e   Code   RO          459    .text               mc_w.l(strncmp.o)
    0x08003036   0x0000014e   Code   RO          752    .text               mf_w.l(dadd.o)
    0x08003184   0x000000e4   Code   RO          754    .text               mf_w.l(dmul.o)
    0x08003268   0x00000022   Code   RO          756    .text               mf_w.l(dflti.o)
    0x0800328a   0x0000003e   Code   RO          758    .text               mf_w.l(dfixi.o)
    0x080032c8   0x00000026   Code   RO          760    .text               mf_w.l(f2d.o)
    0x080032ee   0x00000002   PAD
    0x080032f0   0x00000028   Code   RO          762    .text               mf_w.l(cdcmple.o)
    0x08003318   0x00000028   Code   RO          764    .text               mf_w.l(cdrcmple.o)
    0x08003340   0x0000002c   Code   RO          796    .text               mc_w.l(uidiv.o)
    0x0800336c   0x00000062   Code   RO          798    .text               mc_w.l(uldiv.o)
    0x080033ce   0x0000001e   Code   RO          800    .text               mc_w.l(llshl.o)
    0x080033ec   0x00000020   Code   RO          802    .text               mc_w.l(llushr.o)
    0x0800340c   0x00000024   Code   RO          804    .text               mc_w.l(llsshr.o)
    0x08003430   0x00000000   Code   RO          815    .text               mc_w.l(iusefp.o)
    0x08003430   0x000000be   Code   RO          816    .text               mf_w.l(depilogue.o)
    0x080034ee   0x000000de   Code   RO          818    .text               mf_w.l(ddiv.o)
    0x080035cc   0x0000002e   Code   RO          820    .text               mf_w.l(dscalb.o)
    0x080035fa   0x00000030   Code   RO          822    .text               mf_w.l(dfixul.o)
    0x0800362a   0x00000002   PAD
    0x0800362c   0x00000024   Code   RO          824    .text               mc_w.l(init.o)
    0x08003650   0x000000a2   Code   RO          826    .text               mf_w.l(dsqrt.o)
    0x080036f2   0x00000002   PAD
    0x080036f4   0x00000020   Code   RO          696    i.__0printf         mc_w.l(printfa.o)
    0x08003714   0x00000028   Code   RO          698    i.__0sprintf        mc_w.l(printfa.o)
    0x0800373c   0x00000028   Code   RO          768    i.__ARM_fpclassify  m_ws.l(fpclassify.o)
    0x08003764   0x000000aa   Code   RO          770    i.__kernel_poly     m_ws.l(poly.o)
    0x0800380e   0x00000002   PAD
    0x08003810   0x00000010   Code   RO          766    i.__mathlib_dbl_underflow  m_ws.l(dunder.o)
    0x08003820   0x0000000e   Code   RO          830    i.__scatterload_copy  mc_w.l(handlers.o)
    0x0800382e   0x00000002   Code   RO          831    i.__scatterload_null  mc_w.l(handlers.o)
    0x08003830   0x0000000e   Code   RO          832    i.__scatterload_zeroinit  mc_w.l(handlers.o)
    0x0800383e   0x00000002   PAD
    0x08003840   0x0000000c   Code   RO          810    i.__set_errno       mc_w.l(errno.o)
    0x0800384c   0x0000015c   Code   RO          703    i._fp_digits        mc_w.l(printfa.o)
    0x080039a8   0x000006f0   Code   RO          704    i._printf_core      mc_w.l(printfa.o)
    0x08004098   0x00000026   Code   RO          705    i._printf_post_padding  mc_w.l(printfa.o)
    0x080040be   0x00000030   Code   RO          706    i._printf_pre_padding  mc_w.l(printfa.o)
    0x080040ee   0x0000000a   Code   RO          708    i._sputc            mc_w.l(printfa.o)
    0x080040f8   0x000000dc   Code   RO          427    i.floor             m_ws.l(floor.o)
    0x080041d4   0x00000050   Code   RO          724    i.free              mc_w.l(malloc.o)
    0x08004224   0x0000006c   Code   RO          725    i.malloc            mc_w.l(malloc.o)
    0x08004290   0x000009e0   Code   RO          431    i.pow               m_ws.l(pow.o)
    0x08004c70   0x0000004c   Code   RO          774    i.sqrt              m_ws.l(sqrt.o)
    0x08004cbc   0x00000007   Data   RO          358    .constdata          cjson.o
    0x08004cc3   0x00000005   PAD
    0x08004cc8   0x00000088   Data   RO          432    .constdata          m_ws.l(pow.o)
    0x08004d50   0x00000008   Data   RO          772    .constdata          m_ws.l(qnan.o)
    0x08004d58   0x00000020   Data   RO          828    Region$$Table       anon$$obj.o


    Execution Region RW_IRAM1 (Base: 0x20000000, Size: 0x00004f18, Max: 0x00010000, ABSOLUTE)

    Base Addr    Size         Type   Attr      Idx    E Section Name        Object

    0x20000000   0x00000014   Data   RW           25    .data               system_stm32f10x.o
    0x20000014   0x00000014   Data   RW          141    .data               stm32f10x_rcc.o
    0x20000028   0x00000003   Data   RW          258    .data               bsp_usart1.o
    0x2000002b   0x00000001   PAD
    0x2000002c   0x00000008   Data   RW          285    .data               list.o
    0x20000034   0x00000004   Data   RW          306    .data               utility.o
    0x20000038   0x0000000c   Data   RW          359    .data               cjson.o
    0x20000044   0x00000014   Data   RW          409    .data               malloc.o
    0x20000058   0x00000004   Data   RW          795    .data               mc_w.l(stdout.o)
    0x2000005c   0x00000004   Data   RW          806    .data               mc_w.l(mvars.o)
    0x20000060   0x00000004   Data   RW          807    .data               mc_w.l(mvars.o)
    0x20000064   0x00000004   Data   RW          811    .data               mc_w.l(errno.o)
    0x20000068   0x000004b0   Zero   RW          257    .bss                bsp_usart1.o
    0x20000518   0x00004400   Zero   RW          407    .bss                malloc.o
    0x20004918   0x00000200   Zero   RW            2    HEAP                startup_stm32f10x_hd.o
    0x20004b18   0x00000400   Zero   RW            1    STACK               startup_stm32f10x_hd.o


==============================================================================

Image component sizes


      Code (inc. data)   RO Data    RW Data    ZI Data      Debug   Object Name

        92         10          0          0          0        486   bsp_led.o
       384         36          0          3       1200       2278   bsp_usart1.o
      5344        174          7         12          0      20388   cjson.o
         0          0          0          0          0       4256   core_cm3.o
      1016        304          0          0          0       3943   dispose.o
       664        126          0          8          0       2753   list.o
        68         22          0          0          0       1647   main.o
       404          4          0         20      17408       3889   malloc.o
       220         20          0          0          0       1741   misc.o
        36          8        304          0       1536        820   startup_stm32f10x_hd.o
       856         40          0          0          0       5581   stm32f10x_gpio.o
        80         14          0          0          0       1400   stm32f10x_it.o
       932         44          0         20          0       8716   stm32f10x_rcc.o
      1032         22          0          0          0       8312   stm32f10x_usart.o
       476         36          0         20          0     229627   system_stm32f10x.o
       196         10          0          4          0       1793   utility.o

    ----------------------------------------------------------------------
     11800        870        348         88      20144     297630   Object Totals
         0          0         32          0          0          0   (incl. Generated)
         0          0          5          1          0          0   (incl. Padding)

    ----------------------------------------------------------------------

      Code (inc. data)   RO Data    RW Data    ZI Data      Debug   Library Member Name

        16          6          0          0          0         68   dunder.o
       220         16          0          0          0         84   floor.o
        40          0          0          0          0         68   fpclassify.o
       170          0          0          0          0         96   poly.o
      2528        190        136          0          0        332   pow.o
         0          0          8          0          0          0   qnan.o
        76          0          0          0          0         84   sqrt.o
         0          0          0          0          0          0   entry.o
         0          0          0          0          0          0   entry10a.o
         0          0          0          0          0          0   entry11a.o
         8          4          0          0          0          0   entry2.o
         4          0          0          0          0          0   entry5.o
         0          0          0          0          0          0   entry7b.o
         0          0          0          0          0          0   entry8b.o
         8          4          0          0          0          0   entry9a.o
        12          6          0          4          0         68   errno.o
        30          0          0          0          0          0   handlers.o
        36          8          0          0          0         68   init.o
         0          0          0          0          0          0   iusefp.o
        30          0          0          0          0         68   llshl.o
        36          0          0          0          0         68   llsshr.o
        32          0          0          0          0         68   llushr.o
       188         20          0          0          0        160   malloc.o
        36          0          0          0          0         68   memcpya.o
        36          0          0          0          0        108   memseta.o
         0          0          0          8          0          0   mvars.o
      2292         96          0          0          0        596   printfa.o
         0          0          0          4          0          0   stdout.o
        24          0          0          0          0         68   strcat.o
        20          0          0          0          0         68   strchr.o
        28          0          0          0          0         76   strcmp.o
        18          0          0          0          0         68   strcpy.o
        14          0          0          0          0         68   strlen.o
        30          0          0          0          0         80   strncmp.o
        12          0          0          0          0         68   tolower.o
        44          0          0          0          0         80   uidiv.o
        98          0          0          0          0         92   uldiv.o
        40          2          0          0          0         68   cdcmple.o
        40          2          0          0          0         68   cdrcmple.o
       334          0          0          0          0        148   dadd.o
       222          0          0          0          0        100   ddiv.o
       190          0          0          0          0        176   depilogue.o
        62          0          0          0          0         80   dfixi.o
        48          0          0          0          0         68   dfixul.o
        34          0          0          0          0         76   dflti.o
       228          0          0          0          0         96   dmul.o
        46          0          0          0          0         80   dscalb.o
       162          0          0          0          0        100   dsqrt.o
        38          0          0          0          0         68   f2d.o

    ----------------------------------------------------------------------
      7540        354        144         16          0       3800   Library Totals
        10          0          0          0          0          0   (incl. Padding)

    ----------------------------------------------------------------------

      Code (inc. data)   RO Data    RW Data    ZI Data      Debug   Library Name

      3050        212        144          0          0        732   m_ws.l
      3036        138          0         16          0       1940   mc_w.l
      1444          4          0          0          0       1128   mf_w.l

    ----------------------------------------------------------------------
      7540        354        144         16          0       3800   Library Totals

    ----------------------------------------------------------------------

==============================================================================


      Code (inc. data)   RO Data    RW Data    ZI Data      Debug   

     19340       1224        492        104      20144     298206   Grand Totals
     19340       1224        492        104      20144     298206   ELF Image Totals
     19340       1224        492        104          0          0   ROM Totals

==============================================================================

    Total RO  Size (Code + RO Data)                19832 (  19.37kB)
    Total RW  Size (RW Data + ZI Data)             20248 (  19.77kB)
    Total ROM Size (Code + RO Data + RW Data)      19936 (  19.47kB)

==============================================================================

